2026-07-21 11:31:46.374  2407-3286  system_server           system_server                        D  addOrUpdateWindow: set 5f64f39 app.confused.anikuta.dev/app.confused.anikuta.MainActivity firstDownTimeInTarget to 390426182222000
2026-07-21 11:31:46.405 10632-10632 ViewRootImplExtImpl     app.confused.anikuta.dev             D  MotionEvent MotionEvent { action=ACTION_UP, actionButton=0, id[0]=0, x[0]=835.77344, y[0]=576.24023, toolType[0]=TOOL_TYPE_FINGER, buttonState=0, classification=NONE, metaState=0, flags=0x802, edgeFlags=0x0, pointerCount=1, historySize=0, eventTime=390426214, downTime=390426182, deviceId=-1, source=0x1002, displayId=0, eventId=1050682249 } handled by client, just return
2026-07-21 11:31:46.598 10632-12705 OplusFeedbackInfo       app.confused.anikuta.dev             I  0xb400007bffb7ec00 OMX.qcom.video.decoder.avc 640x368 inputFps=22 outputFps=23 renderFps=25, discardFps=0
2026-07-21 11:31:46.598 10632-12705 sed.anikuta.dev         app.confused.anikuta.dev             D  [notifyStatusToSF:L31] hdrtype is 0
2026-07-21 11:31:47.308  2407-3286  system_server           system_server                        D  addOrUpdateWindow: set 5f64f39 app.confused.anikuta.dev/app.confused.anikuta.MainActivity firstDownTimeInTarget to 390427120411000
2026-07-21 11:31:47.323  2407-4101  CoreBackPreview         system_server                        D  startBackNavigation currentTask=Task{52c96fd #6766 type=standard A=11683:app.confused.anikuta.dev}, topRunningActivity=ActivityRecord{19ad6a7 u0 app.confused.anikuta.dev/app.confused.anikuta.MainActivity t6766}, callbackInfo=OnBackInvokedCallbackInfo{mCallback=android.window.IOnBackInvokedCallback$Stub$Proxy@491a923, mPriority=0, mIsAnimationCallback=false}, currentFocus=Window{5f64f39 u0 app.confused.anikuta.dev/app.confused.anikuta.MainActivity}
2026-07-21 11:31:47.387  2407-3286  system_server           system_server                        D  addOrUpdateWindow: set 5f64f39 app.confused.anikuta.dev/app.confused.anikuta.MainActivity firstDownTimeInTarget to 390427120411000
2026-07-21 11:31:47.396  2407-4099  ActivityTaskManager     system_server                        D  Requested Orientation r = ActivityRecord{19ad6a7 u0 app.confused.anikuta.dev/app.confused.anikuta.MainActivity t6766}, requestedOrientation = SCREEN_ORIENTATION_SENSOR_LANDSCAPE (6)
2026-07-21 11:31:47.396  2407-4099  WindowManager           system_server                        D  updateOrientation: mLastOrientation = SCREEN_ORIENTATION_UNSPECIFIED(-1) newOrientation = SCREEN_ORIENTATION_SENSOR_LANDSCAPE(6) forceUpdate = false LastOrientationSource = ActivityRecord{19ad6a7 u0 app.confused.anikuta.dev/app.confused.anikuta.MainActivity t6766}
2026-07-21 11:31:47.397  2407-4099  OplusGameR...ionService system_server                        D  stopRotationInGame: check windowContainer = ActivityRecord{19ad6a7 u0 app.confused.anikuta.dev/app.confused.anikuta.MainActivity t6766}
2026-07-21 11:31:47.397  2407-4099  WindowManager           system_server                        I  Display id 0 rotation changed to ROTATION_90 (1) from ROTATION_0 (0), lastOrientation = SCREEN_ORIENTATION_SENSOR_LANDSCAPE (6) lastOrientationSource = ActivityRecord{19ad6a7 u0 app.confused.anikuta.dev/app.confused.anikuta.MainActivity t6766}
2026-07-21 11:31:47.500  2407-4099  OplusCompa...gerService system_server                        D  updateRotation setDeviceFolded oldRotation =:0 ,newRotation=:1 ,mFoldState =:0 ,processTasks =:true ,DisplayId =:0 ,oritentationSource ActivityRecord{19ad6a7 u0 app.confused.anikuta.dev/app.confused.anikuta.MainActivity t6766}
2026-07-21 11:31:47.500  2407-4099  ActivityTaskManager     system_server                        D  Checking to restart ActivityRecord{19ad6a7 u0 app.confused.anikuta.dev/app.confused.anikuta.MainActivity t6766}: changed=0x = 480; handles=0x3; 
                                                                                                     mLastReportedConfiguration = {mGlobalConfig={1.0 ??mcc??mnc [en_PK] ldltr sw360dp w766dp h326dp 480dpi nrml long hdr widecg land night finger -keyb/v/h -nav/h winConfig={ mBounds=Rect(0, 0 - 2400, 1080) mAppBounds=Rect(103, 0 - 2400, 1080) mMaxBounds=Rect(0, 0 - 2400, 1080) mDisplayRotation=ROTATION_90 mWindowingMode=fullscreen mDisplayWindowingMode=fullscreen mActivityType=undefined mAlwaysOnTop=undefined mRotation=ROTATION_90} s.38068 fontWeightAdjustment=0mThemeChanged= 0, mThemeChangedFlags= 0, mFlipFont= 0, mScenario= -1, mAccessibleChanged= 1, mUxIconConfig= 3468921665165996337, mMaterialColor= 0, mUserId= 0, mFontUserId= 0, mFontVariationSettings= 226, mFoldingAngle = -1.0, mIconPackName= com.italiano.simplyadaptive, mDarkModeBackgroundMaxL= 0.0, mDarkModeDialogBgMaxL= 27.0, mDarkModeForegroundMinL= 100.0, mOplusConfigType= 1, mOplusChangedConfigs= 0, OpSans= -1, mBurmeseFontFlag= 2, mFlag= 0, mFlexibleActivitySuitable= -1, mPuttDisplayFlag= -1} mOverrideConfig={1.0 ??mcc??mnc [en_PK] ldltr sw360dp w766dp h326dp 480dpi nrml long hdr widecg land night finger -keyb/v/h -nav/h winConfig={ mBounds=Rect(0, 0 - 2400, 1080) mAppBounds=Rect(103, 0 - 2400, 1080) mMaxBounds=Rect(0, 0 - 2400, 1080) mDisplayRotation=ROTATION_90 mWindowingMode=fullscreen mDisplayWindowingMode=fullscreen mActivityType=standard mAlwaysOnTop=undefined mRotation=ROTATION_90} s.10 fontWeightAdjustment=0mThemeChanged= 0, mThemeChangedFlags= 0, mFlipFont= 0, mScenario= -1, mAccessibleChanged= 1, mUxIconConfig= 3468921665165996337, mMaterialColor= 0, mUserId= 0, mFontUserId= 0, mFontVariationSettings= 226, mFoldingAngle = -1.0, mIconPackName= com.italiano.simplyadaptive, mDarkModeBackgroundMaxL= 0.0, mDarkModeDialogBgMaxL= 27.0, mDarkModeForegroundMinL= 100.0, mOplusConfigType= 1, mOplusChangedConfigs= 0, OpSans= -1, mBurmeseFontFlag= 2, mFlag= 0, mFlexibleActivitySuitable= -1, mPuttDisplayFlag= -1}}; 
                                                                                                     mFullConfig = {1.0 ??mcc??mnc [en_PK] ldltr sw360dp w766dp h326dp 480dpi nrml long hdr widecg land night finger -keyb/v/h -nav/h winConfig={ mBounds=Rect(0, 0 - 2400, 1080) mAppBounds=Rect(103, 0 - 2400, 1080) mMaxBounds=Rect(0, 0 - 2400, 1080) mDisplayRotation=ROTATION_90 mWindowingMode=fullscreen mDisplayWindowingMode=fullscreen mActivityType=standard mAlwaysOnTop=undefined mRotation=ROTATION_90} s.10 fontWeightAdjustment=0mThemeChanged= 0, mThemeChangedFlags= 0, mFlipFont= 0, mScenario= -1, mAccessibleChanged= 1, mUxIconConfig= 3468921665165996337, mMaterialColor= 0, mUserId= 0, mFontUserId= 0, mFontVariationSettings= 226, mFoldingAngle = -1.0, mIconPackName= com.italiano.simplyadaptive, mDarkModeBackgroundMaxL= 0.0, mDarkModeDialogBgMaxL= 27.0, mDarkModeForegroundMinL= 100.0, mOplusConfigType= 1, mOplusChangedConfigs= 0, OpSans= -1, mBurmeseFontFlag= 2, mFlag= 0, mFlexibleActivitySuitable= -1, mPuttDisplayFlag= -1}
2026-07-21 11:31:47.512  2407-4099  FlexibleWindowManager   system_server                        D  onFlexibleWindowTaskInfoChanged: mTaskId = 6766 oldIsTaskEmbedded = false   curIsTaskEmbedded = false  topActivity = ComponentInfo{app.confused.anikuta.dev/app.confused.anikuta.MainActivity}
2026-07-21 11:31:47.512  2407-4099  OplusFlexi...agerHelper system_server                        D  onTaskInfoChanged taskInfo:TaskInfo{userId=0 taskId=6766 displayId=0 isRunning=true baseIntent=Intent { act=android.intent.action.MAIN cat=[android.intent.category.LAUNCHER] flg=0x10200000 cmp=app.confused.anikuta.dev/app.confused.anikuta.MainActivity mCallingUid=10197 } baseActivity=ComponentInfo{app.confused.anikuta.dev/app.confused.anikuta.MainActivity} topActivity=ComponentInfo{app.confused.anikuta.dev/app.confused.anikuta.MainActivity} origActivity=null realActivity=ComponentInfo{app.confused.anikuta.dev/app.confused.anikuta.MainActivity} numActivities=1 lastActiveTime=465979975 supportsSplitScreenMultiWindow=true supportsMultiWindow=true supportsPocketStudioMultiWindow=true isInFlexibleEmbedded = false uid = 11683 pid = 10632 resizeMode=1 isResizeable=true minWidth=-1 minHeight=-1 defaultMinSize=220 token=WCT{RemoteToken{7b6396d Task{52c96fd #6766 type=standard A=11683:app.confused.anikuta.dev}}} topActivityType=1 pictureInPictureParams=null shouldDockBigOverlays=false launchIntoPipHostTaskId=-1 lastParentTaskIdBeforePip=-1 displayCutoutSafeInsets=null topActivityInfo=ActivityInfo{9e678a8 app.confused.anikuta.MainActivity} launchCookies=[android.os.BinderProxy@e89ff69] positionInParent=Point(0, 0) parentTaskId=-1 isFocused=true isVisible=true isVisibleRequested=true isSleeping=false topActivityInSizeCompat=false topActivityInOplusCompatMode=false topActivityEligibleForLetterboxEducation= false topActivityLetterboxed= false isFromDoubleTap= false topActivityLetterboxVerticalPosition= -1 topActivityLetterboxHorizontalPosition= -1 topActivityLetterboxWidth=-1 topActivityLetterboxHeight=-1 locusId=null displayAreaFeatureId=1 cameraCompatControlState=hidden locusId= null topActivityLetterboxInsets=Rect(0, 0 - 0, 0)} task:Task{52c96fd #6766 type=standard A=11683:app.confused.anikuta.dev}
2026-07-21 11:31:47.518 10632-10632 ViewRootImplExtImpl     app.confused.anikuta.dev             D  MotionEvent MotionEvent { action=ACTION_UP, actionButton=0, id[0]=0, x[0]=1010.93555, y[0]=790.3291, toolType[0]=TOOL_TYPE_FINGER, buttonState=0, classification=NONE, metaState=0, flags=0x802, edgeFlags=0x0, pointerCount=1, historySize=0, eventTime=390427197, downTime=390427119, deviceId=-1, source=0x1002, displayId=0, eventId=929188906 } handled by client, just return
2026-07-21 11:31:47.519 10632-10632 Quality                 app.confused.anikuta.dev             I  Skipped: true 6 cost 114.289 refreshRate 16612444 bit true processName app.confused.anikuta.dev
2026-07-21 11:31:47.535  2407-3420  UAH_JNI                 system_server                        E  uah_event_acquire ! cmdId: 301 ,strPkg: pkgName:com.wispr.flowapp,type:2,activityName:null,isFocused:true|pkgName:app.confused.anikuta.dev,type:1,activityName:app.confused.anikuta.dev/app.confused.anikuta.MainActivity,isFocused:false|pkgName:com.android.launcher,type:1,activityName:com.android.launcher/.Launcher,isFocused:false, strIdent: OplusUAwareService, timeout: -1
2026-07-21 11:31:47.535  2407-3420  [UAH_CLIENT]            system_server                        I  UahEventAcquire, cmdid:301, pkg:pkgName:com.wispr.flowapp,type:2,activityName:null,isFocused:true|pkgName:app.confused.anikuta.dev,type:1,activityName:app.confused.anikuta.dev/app.confused.anikuta.MainActivity,isFocused:false|pkgName:com.android.launcher,type:1,activityName:com.android.launcher/.Launcher,isFocused:false, identity:OplusUAwareService
2026-07-21 11:31:47.548  2407-3420  UAH_JNI                 system_server                        E  uah_event_acquire ! cmdId: 301 ,strPkg: pkgName:com.wispr.flowapp,type:2,activityName:null,isFocused:false|pkgName:app.confused.anikuta.dev,type:1,activityName:app.confused.anikuta.dev/app.confused.anikuta.MainActivity,isFocused:true|pkgName:com.android.launcher,type:1,activityName:com.android.launcher/.Launcher,isFocused:false, strIdent: OplusUAwareService, timeout: -1
2026-07-21 11:31:47.548  2407-3420  [UAH_CLIENT]            system_server                        I  UahEventAcquire, cmdid:301, pkg:pkgName:com.wispr.flowapp,type:2,activityName:null,isFocused:false|pkgName:app.confused.anikuta.dev,type:1,activityName:app.confused.anikuta.dev/app.confused.anikuta.MainActivity,isFocused:true|pkgName:com.android.launcher,type:1,activityName:com.android.launcher/.Launcher,isFocused:false, identity:OplusUAwareService
2026-07-21 11:31:47.556  2407-3420  UAH_JNI                 system_server                        E  uah_event_acquire ! cmdId: 301 ,strPkg: pkgName:com.wispr.flowapp,type:2,activityName:null,isFocused:true|pkgName:app.confused.anikuta.dev,type:1,activityName:app.confused.anikuta.dev/app.confused.anikuta.MainActivity,isFocused:false|pkgName:com.android.launcher,type:1,activityName:com.android.launcher/.Launcher,isFocused:false, strIdent: OplusUAwareService, timeout: -1
2026-07-21 11:31:47.556  2407-3420  [UAH_CLIENT]            system_server                        I  UahEventAcquire, cmdid:301, pkg:pkgName:com.wispr.flowapp,type:2,activityName:null,isFocused:true|pkgName:app.confused.anikuta.dev,type:1,activityName:app.confused.anikuta.dev/app.confused.anikuta.MainActivity,isFocused:false|pkgName:com.android.launcher,type:1,activityName:com.android.launcher/.Launcher,isFocused:false, identity:OplusUAwareService
2026-07-21 11:31:47.563  3561-3758  ShellTaskOrganizer      com.android.systemui                 D  dispatchTaskEventToClientIfNeed, eventType:2, taskInfo:TaskInfo{userId=0 taskId=6766 displayId=0 isRunning=true baseIntent=Intent { act=android.intent.action.MAIN cat=[android.intent.category.LAUNCHER] flg=0x10200000 cmp=app.confused.anikuta.dev/app.confused.anikuta.MainActivity mCallingUid=10197 } baseActivity=ComponentInfo{app.confused.anikuta.dev/app.confused.anikuta.MainActivity} topActivity=ComponentInfo{app.confused.anikuta.dev/app.confused.anikuta.MainActivity} origActivity=null realActivity=ComponentInfo{app.confused.anikuta.dev/app.confused.anikuta.MainActivity} numActivities=1 lastActiveTime=465979975 supportsSplitScreenMultiWindow=true supportsMultiWindow=true supportsPocketStudioMultiWindow=true isInFlexibleEmbedded = false uid = 11683 pid = 10632 resizeMode=1 isResizeable=true minWidth=-1 minHeight=-1 defaultMinSize=220 token=WCT{android.window.IWindowContainerToken$Stub$Proxy@351d46e} topActivityType=1 pictureInPictureParams=null shouldDockBigOverlays=false launchIntoPipHostTaskId=-1 lastParentTaskIdBeforePip=-1 displayCutoutSafeInsets=null topActivityInfo=ActivityInfo{3a5270f app.confused.anikuta.MainActivity} launchCookies=[android.os.BinderProxy@72fe5d] positionInParent=Point(0, 0) parentTaskId=-1 isFocused=true isVisible=true isVisibleRequested=true isSleeping=false topActivityInSizeCompat=false topActivityInOplusCompatMode=false topActivityEligibleForLetterboxEducation= false topActivityLetterboxed= false isFromDoubleTap= false topActivityLetterboxVerticalPosition= -1 topActivityLetterboxHorizontalPosition= -1 topActivityLetterboxWidth=-1 topActivityLetterboxHeight=-1 locusId=null displayAreaFeatureId=1 cameraCompatControlState=hidden locusId= null topActivityLetterboxInsets=Rect(0, 0 - 0, 0)}, leash:null
2026-07-21 11:31:47.599 10632-12705 OplusFeedbackInfo       app.confused.anikuta.dev             I  0xb400007bffb7ec00 OMX.qcom.video.decoder.avc 640x368 inputFps=24 outputFps=24 renderFps=25, discardFps=0
2026-07-21 11:31:47.599 10632-12705 sed.anikuta.dev         app.confused.anikuta.dev             D  [notifyStatusToSF:L31] hdrtype is 0
2026-07-21 11:31:47.613  2407-3420  UAH_JNI                 system_server                        E  uah_event_acquire ! cmdId: 301 ,strPkg: pkgName:com.wispr.flowapp,type:2,activityName:null,isFocused:false|pkgName:app.confused.anikuta.dev,type:1,activityName:app.confused.anikuta.dev/app.confused.anikuta.MainActivity,isFocused:true|pkgName:com.android.launcher,type:1,activityName:com.android.launcher/.Launcher,isFocused:false, strIdent: OplusUAwareService, timeout: -1
2026-07-21 11:31:47.613  2407-3420  [UAH_CLIENT]            system_server                        I  UahEventAcquire, cmdid:301, pkg:pkgName:com.wispr.flowapp,type:2,activityName:null,isFocused:false|pkgName:app.confused.anikuta.dev,type:1,activityName:app.confused.anikuta.dev/app.confused.anikuta.MainActivity,isFocused:true|pkgName:com.android.launcher,type:1,activityName:com.android.launcher/.Launcher,isFocused:false, identity:OplusUAwareService
2026-07-21 11:31:47.693 10632-10632 SurfaceView             app.confused.anikuta.dev             I  49013071 surfaceDestroyed
2026-07-21 11:31:47.693 10632-10632 mpv                     app.confused.anikuta.dev             W  detaching surface
2026-07-21 11:31:47.694 10632-12704 MediaCodec              app.confused.anikuta.dev             D  [0xb400007c1724b000] setState: 7
2026-07-21 11:31:47.694 10632-12704 OplusFeedbackInfo       app.confused.anikuta.dev             I  [signalFlush:L1324]
2026-07-21 11:31:47.696 10632-12704 MediaCodec              app.confused.anikuta.dev             D  [0xb400007c1724b000] setState: 6
2026-07-21 11:31:47.696 10632-10632 MediaCodec              app.confused.anikuta.dev             D  [0xb400007c1724b000] [OMX.qcom.video.decoder.avc] stop
2026-07-21 11:31:47.696 10632-12704 MediaCodec              app.confused.anikuta.dev             D  [0xb400007c1724b000] setState: 9
2026-07-21 11:31:47.697 10632-12704 OplusFeedbackInfo       app.confused.anikuta.dev             I  [sendFeedbackInfo:L462]  send:MM_FB_EventID#21001#ClientPid#10632#ReportLevel#0#isHDRVideo#false#startTimeLocal#2026/07/21_23:29:21#timeUsage#146#videoComponent#OMX.qcom.video.decoder.avc#videoHeight#360#videoMime#video/avc#videoWidth#640
2026-07-21 11:31:47.697 10632-12704 AtlasEventUploadUtils   app.confused.anikuta.dev             D  setEvent event:atlas_event_atlasserver_feedback
2026-07-21 11:31:47.712 10632-12704 MediaCodec              app.confused.anikuta.dev             D  [0xb400007c1724b000] [OMX.qcom.video.decoder.avc] kWhatStopCompleted
2026-07-21 11:31:47.715 10632-12704 MediaCodec              app.confused.anikuta.dev             D  [0xb400007c1724b000] setState: 2
2026-07-21 11:31:47.715 10632-12704 MediaCodec              app.confused.anikuta.dev             D  [0xb400007c1724b000] [OMX.qcom.video.decoder.avc] disconnectFromSurface: mSurface 0xb400007c04674000
2026-07-21 11:31:47.715 10632-12704 SurfaceUtils            app.confused.anikuta.dev             D  disconnecting from surface 0xb400007c04674010, reason disconnectFromSurface
2026-07-21 11:31:47.715 10632-12704 BufferQueueProducer     app.confused.anikuta.dev             D  [ImageReader-16x16f22u256m5-10632-0](id:298800000005,api:3,p:10632,c:10632) disconnect: api 3
2026-07-21 11:31:47.718 10632-12702 MediaCodec              app.confused.anikuta.dev             D  [0xb400007c1724b000] [OMX.qcom.video.decoder.avc] releaseAsync
2026-07-21 11:31:47.718 10632-12704 MediaCodec              app.confused.anikuta.dev             D  [0xb400007c1724b000] setState: 10
2026-07-21 11:31:47.724 10632-12702 BufferQueueConsumer     app.confused.anikuta.dev             D  [ImageReader-16x16f22u256m5-10632-0](id:298800000005,api:0,p:-1,c:10632) disconnect
2026-07-21 11:31:47.727 10632-12702 BufferQueueProducer     app.confused.anikuta.dev             D  [SurfaceView[app.confused.anikuta.dev/app.confused.anikuta.MainActivity]#4(BLAST Consumer)4](id:298800000004,api:1,p:10632,c:10632) disconnect: api 1
2026-07-21 11:31:47.728 10632-12704 MediaCodec              app.confused.anikuta.dev             D  [0xb400007c1724b000] [OMX.qcom.video.decoder.avc] kWhatReleaseCompleted
2026-07-21 11:31:47.728 10632-12704 MediaCodec              app.confused.anikuta.dev             D  [0xb400007c1724b000] setState: 0
2026-07-21 11:31:47.730 10632-12704 MediaCodec              app.confused.anikuta.dev             D  flushMediametrics
2026-07-21 11:31:47.730 10632-12704 MediaCodec              app.confused.anikuta.dev             D  [0xb400007c1724b000] ~MediaCodec
2026-07-21 11:31:47.730 10632-12704 MediaCodec              app.confused.anikuta.dev             D  flushMediametrics
2026-07-21 11:31:47.730 10632-12704 MediaCodec              app.confused.anikuta.dev             W  no metrics handle found
2026-07-21 11:31:47.730 10632-12704 OplusACodec             app.confused.anikuta.dev             D  ~OplusACodec [212]: 
2026-07-21 11:31:47.730 10632-12704 OplusFeedbackInfo       app.confused.anikuta.dev             D  ~OplusAnalysisFPS
2026-07-21 11:31:47.730 10632-12704 AtlasEventUploadUtils   app.confused.anikuta.dev             D  setEvent event:atlas_event_video_monitor_network_switch
2026-07-21 11:31:47.730 10632-12704 sed.anikuta.dev         app.confused.anikuta.dev             D  [notifyStatusToSF:L31] hdrtype is 0
2026-07-21 11:31:47.744 10632-10632 MediaCodec              app.confused.anikuta.dev             D  CreateByComponentName: name OMX.qcom.video.decoder.avc
2026-07-21 11:31:47.744 10632-12625 mpv/ffmpeg/video        app.confused.anikuta.dev             E  h264_mediacodec: Both surface and native_window are NULL
2026-07-21 11:31:47.744 10632-10632 libc                    app.confused.anikuta.dev             W  Access denied finding property "vendor.debug.stagefright.mediacodec.trace"
2026-07-21 11:31:47.745 10632-10632 OplusACodec             app.confused.anikuta.dev             D  OplusACodec [147]: 
2026-07-21 11:31:47.746 10632-10632 libc                    app.confused.anikuta.dev             W  Access denied finding property "vendor.oplus.media.vpp.stutter"
2026-07-21 11:31:47.746 10632-10632 ListServiceUtils        app.confused.anikuta.dev             V  getListValueByUid module:sr-osie-whitelist uid:11683 cost 305us return 0
2026-07-21 11:31:47.746 10632-10632 ListServiceUtils        app.confused.anikuta.dev             V  checkInListByUid start module:video-setsurface-error uid:11683  time 390427560691us
2026-07-21 11:31:47.746 10632-10632 ListServiceUtils        app.confused.anikuta.dev             V  checkInListByUid end module:video-setsurface-error uid:11683  time 390427560810us
2026-07-21 11:31:47.746 10632-10632 ListServiceUtils        app.confused.anikuta.dev             D  checkInListByUid module:video-setsurface-error uid:11683 cost 118us return 0
2026-07-21 11:31:47.746 10632-10632 OplusACodec             app.confused.anikuta.dev             D  ACodec() ro.oplus.audio.effect.type = dolby ro.oplus.audio.dolby.type = none
2026-07-21 11:31:47.746 10632-10632 MULTIMEDIAConfig        app.confused.anikuta.dev             D  [getInt32:L85] Config name: oplus.software.video.hqv_support value: 1
2026-07-21 11:31:47.747 10632-10632 ListServiceUtils        app.confused.anikuta.dev             V  checkInListByUid start module:HQV-effect uid:11683  time 390427560853us
2026-07-21 11:31:47.747 10632-10632 ListServiceUtils        app.confused.anikuta.dev             V  checkInListByUid end module:HQV-effect uid:11683  time 390427560922us
2026-07-21 11:31:47.747 10632-10632 ListServiceUtils        app.confused.anikuta.dev             D  checkInListByUid module:HQV-effect uid:11683 cost 69us return 0
2026-07-21 11:31:47.747 10632-10632 MULTIMEDIAConfig        app.confused.anikuta.dev             E  [getInt32:L80] Not find config, Returning default
2026-07-21 11:31:47.747 10632-10632 MULTIMEDIAConfig        app.confused.anikuta.dev             E  [getInt32:L80] Not find config, Returning default
2026-07-21 11:31:47.747 10632-10632 OplusACodec             app.confused.anikuta.dev             E  [OplusACodec:204] mSrOsieMMListCheckResult:0x0 mOsieVersion:1
2026-07-21 11:31:47.747 10632-10632 OplusACodec             app.confused.anikuta.dev             D  getBufferChannel: New
2026-07-21 11:31:47.747 10632-10632 MediaCodec              app.confused.anikuta.dev             D  [0xb400007c182d1800] init: CCodec 0xb400007c98ffa210, CCodecBufferChannel 0xb400007c98fc9b18
2026-07-21 11:31:47.747 10632-14280 MediaCodec              app.confused.anikuta.dev             D  [0xb400007c182d1800] setState: 1
2026-07-21 11:31:47.757 10632-14281 OMXClient               app.confused.anikuta.dev             I  IOmx service obtained
2026-07-21 11:31:47.775 10632-14280 MediaCodec              app.confused.anikuta.dev             D  [0xb400007c182d1800] setState: 2
2026-07-21 11:31:47.776 10632-10632 MediaCodec              app.confused.anikuta.dev             I  [0xb400007c182d1800] [OMX.qcom.video.decoder.avc] configure, format : AMessage(what = 0x00000000) = {
                                                                                                      Buffer csd-1 = {
                                                                                                        00000000:  00 00 00 01 68 e9 79 cb  22 c0                    ....h.y.".
                                                                                                      }
                                                                                                      string mime = "video/avc"
                                                                                                      int32_t width = 640
                                                                                                      Buffer csd-0 = {
                                                                                                        00000000:  00 00 00 01 67 64 00 1e  ac d9 80 a0 2f f9 70 11  ....gd....../.p.
                                                                                                        00000010:  00 00 03 00 01 00 00 03  00 32 0f 16 2d 9a        .........2..-.
                                                                                                      }
                                                                                                      int32_t height = 360
                                                                                                    }
2026-07-21 11:31:47.777 10632-14280 MediaCodec              app.confused.anikuta.dev             D  flushMediametrics
2026-07-21 11:31:47.777 10632-14280 MediaCodec              app.confused.anikuta.dev             D  [0xb400007c182d1800] setState: 3
2026-07-21 11:31:47.777 10632-14281 OplusACodec             app.confused.anikuta.dev             D  [configureCodec:L1526] OplusFeedbackInfo  mFeedbackID:-5476376611739688448
2026-07-21 11:31:47.777 10632-14281 AString                 app.confused.anikuta.dev             W  ctor got NULL, using empty string instead
2026-07-21 11:31:47.782 10632-14281 ListServiceUtils        app.confused.anikuta.dev             V  getListValueByName module:control package:hdrAuthenticationMode cost 117us return 0
2026-07-21 11:31:47.783 10632-14281 sed.anikuta.dev         app.confused.anikuta.dev             E  get parcel data error
2026-07-21 11:31:47.783 10632-14281 ListServiceUtils        app.confused.anikuta.dev             V  getPackageNameByPid pid:10632 procName: cost 91us return -1
2026-07-21 11:31:47.783 10632-14281 AtlasEventUploadUtils   app.confused.anikuta.dev             D  setEvent event:atlas_event_video_monitor_network_switch
2026-07-21 11:31:47.784 10632-14281 ListServiceUtils        app.confused.anikuta.dev             V  checkInListByUid start module:check-first-IRAP uid:11683  time 390427598653us
2026-07-21 11:31:47.784 10632-14281 ListServiceUtils        app.confused.anikuta.dev             V  checkInListByUid end module:check-first-IRAP uid:11683  time 390427598800us
2026-07-21 11:31:47.784 10632-14281 ListServiceUtils        app.confused.anikuta.dev             D  checkInListByUid module:check-first-IRAP uid:11683 cost 145us return 0
2026-07-21 11:31:47.784 10632-14281 ListServiceUtils        app.confused.anikuta.dev             V  checkInListByUid start module:notify-network-optimize uid:11683  time 390427598819us
2026-07-21 11:31:47.785 10632-14281 ListServiceUtils        app.confused.anikuta.dev             V  checkInListByUid end module:notify-network-optimize uid:11683  time 390427598911us
2026-07-21 11:31:47.785 10632-14281 ListServiceUtils        app.confused.anikuta.dev             D  checkInListByUid module:notify-network-optimize uid:11683 cost 92us return 0
2026-07-21 11:31:47.785 10632-14281 ListServiceUtils        app.confused.anikuta.dev             V  checkInListByUid start module:video-statistics uid:11683  time 390427598929us
2026-07-21 11:31:47.785 10632-14281 ListServiceUtils        app.confused.anikuta.dev             V  checkInListByUid end module:video-statistics uid:11683  time 390427599009us
2026-07-21 11:31:47.785 10632-14281 ListServiceUtils        app.confused.anikuta.dev             D  checkInListByUid module:video-statistics uid:11683 cost 80us return 0
2026-07-21 11:31:47.785 10632-14281 ListServiceUtils        app.confused.anikuta.dev             V  getListValueByUid module:video-resolution-blurry uid:11683 cost 89us return 0
2026-07-21 11:31:47.785 10632-14281 ListServiceUtils        app.confused.anikuta.dev             V  getListValueByUid module:video-stutter-threshold uid:11683 cost 83us return 0
2026-07-21 11:31:47.785 10632-14281 OplusUtils              app.confused.anikuta.dev             D  ACodec getComponentRole [99]: mime:video/avc
2026-07-21 11:31:47.785 10632-14281 ExtendedACodec          app.confused.anikuta.dev             I  setupVideoDecoder()
2026-07-21 11:31:47.785 10632-14281 OplusACodec             app.confused.anikuta.dev             E  [GetVideoCodingTypeFromMime:L1175] mime:video/avc
2026-07-21 11:31:47.794 10632-14281 ExtendedACodec          app.confused.anikuta.dev             I  Decoder will be in frame by frame mode
2026-07-21 11:31:47.795 10632-14281 ExtendedACodec          app.confused.anikuta.dev             W  Failed to set frame packing format on component
2026-07-21 11:31:47.800 10632-14280 MediaCodec              app.confused.anikuta.dev             D  [0xb400007c182d1800] setState: 4
2026-07-21 11:31:47.800 10632-14280 MediaCodec              app.confused.anikuta.dev             D  [0xb400007c182d1800] setState: 5
2026-07-21 11:31:47.848 10632-14280 MediaCodec              app.confused.anikuta.dev             D  [0xb400007c182d1800] setState: 6
2026-07-21 11:31:47.850  9874-9874  GoogleInpu...hodService com...gle.android.inputmethod.latin  I  GoogleInputMethodService.onStartInput():1491 onStartInput(EditorInfo{EditorInfo{packageName=app.confused.anikuta.dev, inputType=0, inputTypeString=NULL, enableLearning=false, autoCorrection=false, autoComplete=false, imeOptions=0, privateImeOptions=null, actionName=UNSPECIFIED, actionLabel=null, initialSelStart=-1, initialSelEnd=-1, initialCapsMode=0, label=null, fieldId=0, fieldName=null, extras=Bundle[{com.oplus.im.SCENES=0}], hintText=null, hintLocales=[]}}, true)
2026-07-21 11:31:47.856  2407-2892  PackageConfigPersister  system_server                        W  App-specific configuration not found for packageName: app.confused.anikuta.dev and userId: 0
2026-07-21 11:31:47.909 10632-12619 AudioTrack              app.confused.anikuta.dev             D  pause(19350): prior state:STATE_ACTIVE output 21 stream 3 session 103345
2026-07-21 11:31:47.909 10632-12619 AudioTrack              app.confused.anikuta.dev             D  flush(19350): prior state:STATE_PAUSED
2026-07-21 11:31:47.910 10632-14280 MediaCodec              app.confused.anikuta.dev             D  [0xb400007c182d1800] setState: 7
2026-07-21 11:31:47.910 10632-14280 OplusFeedbackInfo       app.confused.anikuta.dev             I  [signalFlush:L1324]
2026-07-21 11:31:47.913 10632-14280 MediaCodec              app.confused.anikuta.dev             D  [0xb400007c182d1800] setState: 6
2026-07-21 11:31:47.914 10632-14280 MediaCodec              app.confused.anikuta.dev             D  [0xb400007c182d1800] setState: 7
2026-07-21 11:31:47.914 10632-14280 OplusFeedbackInfo       app.confused.anikuta.dev             I  [signalFlush:L1324]
2026-07-21 11:31:47.922 10632-14280 MediaCodec              app.confused.anikuta.dev             D  [0xb400007c182d1800] setState: 6
2026-07-21 11:31:47.930 10632-10632 BufferQueueProducer     app.confused.anikuta.dev             D  [SurfaceView[app.confused.anikuta.dev/app.confused.anikuta.MainActivity]#4(BLAST Consumer)4](id:298800000004,api:0,p:-1,c:10632) disconnect: api -1
2026-07-21 11:31:47.930 10632-10632 BLASTBufferQueue        app.confused.anikuta.dev             D  [SurfaceView[app.confused.anikuta.dev/app.confused.anikuta.MainActivity]#4](f:0,a:2) destructor()
2026-07-21 11:31:47.931 10632-10632 BufferQueueConsumer     app.confused.anikuta.dev             D  [SurfaceView[app.confused.anikuta.dev/app.confused.anikuta.MainActivity]#4(BLAST Consumer)4](id:298800000004,api:0,p:-1,c:10632) disconnect
2026-07-21 11:31:47.936 10632-10632 SurfaceView             app.confused.anikuta.dev             I  49013071 onAttachedToWindow
2026-07-21 11:31:47.968  2407-2892  RefreshRate             system_server                        D  overrideWindowRefreshRate win Window{5f64f39 u0 app.confused.anikuta.dev/app.confused.anikuta.MainActivity}, refreshRateId 2
2026-07-21 11:31:47.970  1516-2468  OplusLayer              surfaceflinger                       D  setProcInfo (168818,SurfaceView[app.confused.anikuta.dev/app.confused.anikuta.MainActivity](BLAST)#168818,app.confused.anikuta.dev)
2026-07-21 11:31:47.971 10632-10632 BufferQueueConsumer     app.confused.anikuta.dev             D  [](id:298800000006,api:0,p:-1,c:10632) connect: controlledByApp=false
2026-07-21 11:31:47.971 10632-10632 SurfaceView             app.confused.anikuta.dev             I  49013071 visibleChanged -- surfaceCreated 
2026-07-21 11:31:47.971 10632-10632 mpv                     app.confused.anikuta.dev             W  attaching surface
2026-07-21 11:31:47.976 10632-14280 MediaCodec              app.confused.anikuta.dev             D  [0xb400007c182d1800] setState: 7
2026-07-21 11:31:47.976 10632-14280 OplusFeedbackInfo       app.confused.anikuta.dev             I  [signalFlush:L1324]
2026-07-21 11:31:47.977 10632-14280 MediaCodec              app.confused.anikuta.dev             D  [0xb400007c182d1800] setState: 6
2026-07-21 11:31:47.978 10632-10632 MediaCodec              app.confused.anikuta.dev             D  [0xb400007c182d1800] [OMX.qcom.video.decoder.avc] stop
2026-07-21 11:31:47.978 10632-14280 MediaCodec              app.confused.anikuta.dev             D  [0xb400007c182d1800] setState: 9
2026-07-21 11:31:47.978 10632-14280 OplusFeedbackInfo       app.confused.anikuta.dev             I  [sendFeedbackInfo:L462]  send:MM_FB_EventID#21001#ClientPid#10632#ReportLevel#0#isHDRVideo#false#startTimeLocal#2026/07/21_23:31:47#timeUsage#0#videoComponent#OMX.qcom.video.decoder.avc#videoHeight#360#videoMime#video/avc#videoWidth#640
2026-07-21 11:31:47.978 10632-14280 AtlasEventUploadUtils   app.confused.anikuta.dev             D  setEvent event:atlas_event_atlasserver_feedback
2026-07-21 11:31:47.993 10632-14280 MediaCodec              app.confused.anikuta.dev             D  [0xb400007c182d1800] [OMX.qcom.video.decoder.avc] kWhatStopCompleted
2026-07-21 11:31:47.994 10632-14280 MediaCodec              app.confused.anikuta.dev             D  [0xb400007c182d1800] setState: 2
2026-07-21 11:31:47.994 10632-10632 MediaCodec              app.confused.anikuta.dev             D  [0xb400007c182d1800] [OMX.qcom.video.decoder.avc] releaseAsync
2026-07-21 11:31:47.994 10632-14280 MediaCodec              app.confused.anikuta.dev             D  [0xb400007c182d1800] setState: 10
2026-07-21 11:31:47.997 10632-14289 BufferQueueProducer     app.confused.anikuta.dev             D  [SurfaceView[app.confused.anikuta.dev/app.confused.anikuta.MainActivity]#5(BLAST Consumer)5](id:298800000006,api:1,p:10632,c:10632) connect: api=1 producerControlledByApp=true
2026-07-21 11:31:47.998 10632-14280 MediaCodec              app.confused.anikuta.dev             D  [0xb400007c182d1800] [OMX.qcom.video.decoder.avc] kWhatReleaseCompleted
2026-07-21 11:31:47.998 10632-14280 MediaCodec              app.confused.anikuta.dev             D  [0xb400007c182d1800] setState: 0
2026-07-21 11:31:47.999 10632-14280 MediaCodec              app.confused.anikuta.dev             D  flushMediametrics
2026-07-21 11:31:47.999 10632-14280 MediaCodec              app.confused.anikuta.dev             D  [0xb400007c182d1800] ~MediaCodec
2026-07-21 11:31:47.999 10632-14280 MediaCodec              app.confused.anikuta.dev             D  flushMediametrics
2026-07-21 11:31:47.999 10632-14280 MediaCodec              app.confused.anikuta.dev             W  no metrics handle found
2026-07-21 11:31:47.999 10632-14280 OplusACodec             app.confused.anikuta.dev             D  ~OplusACodec [212]: 
2026-07-21 11:31:48.000 10632-14280 OplusFeedbackInfo       app.confused.anikuta.dev             D  ~OplusAnalysisFPS
2026-07-21 11:31:48.000 10632-14280 AtlasEventUploadUtils   app.confused.anikuta.dev             D  setEvent event:atlas_event_video_monitor_network_switch
2026-07-21 11:31:48.000 10632-14280 sed.anikuta.dev         app.confused.anikuta.dev             D  [notifyStatusToSF:L31] hdrtype is 0
2026-07-21 11:31:48.007 10632-14289 BLASTBufferQueue        app.confused.anikuta.dev             D  [SurfaceView[app.confused.anikuta.dev/app.confused.anikuta.MainActivity]#5](f:0,a:1) acquireNextBufferLocked size=1080x2400 mFrameNumber=1 applyTransaction=true mTimestamp=390427821464811(auto) mPendingTransactions.size=0 graphicBufferId=45664092291138 transform=0
2026-07-21 11:31:48.009 10632-14289 BufferQueueConsumer     app.confused.anikuta.dev             D  [](id:298800000007,api:0,p:-1,c:10632) connect: controlledByApp=true
2026-07-21 11:31:48.010 10632-10632 MediaCodec              app.confused.anikuta.dev             D  CreateByComponentName: name OMX.qcom.video.decoder.avc
2026-07-21 11:31:48.010 10632-10632 libc                    app.confused.anikuta.dev             W  Access denied finding property "vendor.debug.stagefright.mediacodec.trace"
2026-07-21 11:31:48.011 10632-10632 OplusACodec             app.confused.anikuta.dev             D  OplusACodec [147]: 
2026-07-21 11:31:48.012 10632-10632 libc                    app.confused.anikuta.dev             W  Access denied finding property "vendor.oplus.media.vpp.stutter"
2026-07-21 11:31:48.012 10632-10632 ListServiceUtils        app.confused.anikuta.dev             V  getListValueByUid module:sr-osie-whitelist uid:11683 cost 215us return 0
2026-07-21 11:31:48.012 10632-10632 ListServiceUtils        app.confused.anikuta.dev             V  checkInListByUid start module:video-setsurface-error uid:11683  time 390427826325us
2026-07-21 11:31:48.012 10632-10632 ListServiceUtils        app.confused.anikuta.dev             V  checkInListByUid end module:video-setsurface-error uid:11683  time 390427826425us
2026-07-21 11:31:48.012 10632-10632 ListServiceUtils        app.confused.anikuta.dev             D  checkInListByUid module:video-setsurface-error uid:11683 cost 99us return 0
2026-07-21 11:31:48.012 10632-10632 OplusACodec             app.confused.anikuta.dev             D  ACodec() ro.oplus.audio.effect.type = dolby ro.oplus.audio.dolby.type = none
2026-07-21 11:31:48.012 10632-10632 MULTIMEDIAConfig        app.confused.anikuta.dev             D  [getInt32:L85] Config name: oplus.software.video.hqv_support value: 1
2026-07-21 11:31:48.012 10632-10632 ListServiceUtils        app.confused.anikuta.dev             V  checkInListByUid start module:HQV-effect uid:11683  time 390427826473us
2026-07-21 11:31:48.012 10632-10632 ListServiceUtils        app.confused.anikuta.dev             V  checkInListByUid end module:HQV-effect uid:11683  time 390427826596us
2026-07-21 11:31:48.012 10632-10632 ListServiceUtils        app.confused.anikuta.dev             D  checkInListByUid module:HQV-effect uid:11683 cost 122us return 0
2026-07-21 11:31:48.012 10632-10632 MULTIMEDIAConfig        app.confused.anikuta.dev             E  [getInt32:L80] Not find config, Returning default
2026-07-21 11:31:48.012 10632-10632 MULTIMEDIAConfig        app.confused.anikuta.dev             E  [getInt32:L80] Not find config, Returning default
2026-07-21 11:31:48.012 10632-10632 OplusACodec             app.confused.anikuta.dev             E  [OplusACodec:204] mSrOsieMMListCheckResult:0x0 mOsieVersion:1
2026-07-21 11:31:48.012 10632-10632 OplusACodec             app.confused.anikuta.dev             D  getBufferChannel: New
2026-07-21 11:31:48.012 10632-10632 MediaCodec              app.confused.anikuta.dev             D  [0xb400007c2718a800] init: CCodec 0xb400007be3d22710, CCodecBufferChannel 0xb400007c08f22d98
2026-07-21 11:31:48.013 10632-14291 MediaCodec              app.confused.anikuta.dev             D  [0xb400007c2718a800] setState: 1
2026-07-21 11:31:48.015 10632-14293 OMXClient               app.confused.anikuta.dev             I  IOmx service obtained
2026-07-21 11:31:48.020 10632-14291 MediaCodec              app.confused.anikuta.dev             D  [0xb400007c2718a800] setState: 2
2026-07-21 11:31:48.026 10632-10632 MediaCodec              app.confused.anikuta.dev             I  [0xb400007c2718a800] [OMX.qcom.video.decoder.avc] configure, format : AMessage(what = 0x00000000) = {
                                                                                                      Buffer csd-1 = {
                                                                                                        00000000:  00 00 00 01 68 e9 79 cb  22 c0                    ....h.y.".
                                                                                                      }
                                                                                                      string mime = "video/avc"
                                                                                                      int32_t width = 640
                                                                                                      Buffer csd-0 = {
                                                                                                        00000000:  00 00 00 01 67 64 00 1e  ac d9 80 a0 2f f9 70 11  ....gd....../.p.
                                                                                                        00000010:  00 00 03 00 01 00 00 03  00 32 0f 16 2d 9a        .........2..-.
                                                                                                      }
                                                                                                      int32_t height = 360
                                                                                                    }
2026-07-21 11:31:48.027 10632-14291 MediaCodec              app.confused.anikuta.dev             D  flushMediametrics
2026-07-21 11:31:48.027 10632-14291 MediaCodec              app.confused.anikuta.dev             D  [0xb400007c2718a800] [OMX.qcom.video.decoder.avc] connectToSurface: surface 0xb400007c2cff2000, mSurface 0x0
2026-07-21 11:31:48.027 10632-14291 SurfaceUtils            app.confused.anikuta.dev             D  connecting to surface 0xb400007c2cff2010, reason connectToSurface
2026-07-21 11:31:48.027 10632-14291 BufferQueueProducer     app.confused.anikuta.dev             D  [ImageReader-16x16f22u256m5-10632-1](id:298800000007,api:3,p:10632,c:10632) connect: api=3 producerControlledByApp=true
2026-07-21 11:31:48.027 10632-14291 MediaCodec              app.confused.anikuta.dev             I  [OMX.qcom.video.decoder.avc] setting surface generation to 10887170
2026-07-21 11:31:48.027 10632-14291 SurfaceUtils            app.confused.anikuta.dev             D  disconnecting from surface 0xb400007c2cff2010, reason connectToSurface(reconnect)
2026-07-21 11:31:48.027 10632-14291 BufferQueueProducer     app.confused.anikuta.dev             D  [ImageReader-16x16f22u256m5-10632-1](id:298800000007,api:3,p:10632,c:10632) disconnect: api 3
2026-07-21 11:31:48.027 10632-14291 SurfaceUtils            app.confused.anikuta.dev             D  connecting to surface 0xb400007c2cff2010, reason connectToSurface(reconnect)
2026-07-21 11:31:48.027 10632-14291 BufferQueueProducer     app.confused.anikuta.dev             D  [ImageReader-16x16f22u256m5-10632-1](id:298800000007,api:3,p:10632,c:10632) connect: api=3 producerControlledByApp=true
2026-07-21 11:31:48.027 10632-14291 MediaCodec              app.confused.anikuta.dev             D  [0xb400007c2718a800] setState: 3
2026-07-21 11:31:48.027 10632-14293 OplusACodec             app.confused.anikuta.dev             D  [configureCodec:L1526] OplusFeedbackInfo  mFeedbackID:-5476376614779345152
2026-07-21 11:31:48.027 10632-14293 AString                 app.confused.anikuta.dev             W  ctor got NULL, using empty string instead
2026-07-21 11:31:48.028 10632-14293 ListServiceUtils        app.confused.anikuta.dev             V  getListValueByName module:control package:hdrAuthenticationMode cost 92us return 0
2026-07-21 11:31:48.028 10632-14293 sed.anikuta.dev         app.confused.anikuta.dev             E  get parcel data error
2026-07-21 11:31:48.028 10632-14293 ListServiceUtils        app.confused.anikuta.dev             V  getPackageNameByPid pid:10632 procName: cost 186us return -1
2026-07-21 11:31:48.028 10632-14293 AtlasEventUploadUtils   app.confused.anikuta.dev             D  setEvent event:atlas_event_video_monitor_network_switch
2026-07-21 11:31:48.028 10632-14293 ListServiceUtils        app.confused.anikuta.dev             V  checkInListByUid start module:check-first-IRAP uid:11683  time 390427842533us
2026-07-21 11:31:48.029 10632-14293 ListServiceUtils        app.confused.anikuta.dev             V  checkInListByUid end module:check-first-IRAP uid:11683  time 390427842893us
2026-07-21 11:31:48.029 10632-14293 ListServiceUtils        app.confused.anikuta.dev             D  checkInListByUid module:check-first-IRAP uid:11683 cost 359us return 0
2026-07-21 11:31:48.029 10632-14293 ListServiceUtils        app.confused.anikuta.dev             V  checkInListByUid start module:notify-network-optimize uid:11683  time 390427842920us
2026-07-21 11:31:48.029 10632-14293 ListServiceUtils        app.confused.anikuta.dev             V  checkInListByUid end module:notify-network-optimize uid:11683  time 390427843008us
2026-07-21 11:31:48.029 10632-14293 ListServiceUtils        app.confused.anikuta.dev             D  checkInListByUid module:notify-network-optimize uid:11683 cost 87us return 0
2026-07-21 11:31:48.029 10632-14293 ListServiceUtils        app.confused.anikuta.dev             V  checkInListByUid start module:video-statistics uid:11683  time 390427843025us
2026-07-21 11:31:48.029 10632-14293 ListServiceUtils        app.confused.anikuta.dev             V  checkInListByUid end module:video-statistics uid:11683  time 390427843108us
2026-07-21 11:31:48.029 10632-14293 ListServiceUtils        app.confused.anikuta.dev             D  checkInListByUid module:video-statistics uid:11683 cost 82us return 0
2026-07-21 11:31:48.029 10632-14293 ListServiceUtils        app.confused.anikuta.dev             V  getListValueByUid module:video-resolution-blurry uid:11683 cost 117us return 0
2026-07-21 11:31:48.029 10632-14293 ListServiceUtils        app.confused.anikuta.dev             V  getListValueByUid module:video-stutter-threshold uid:11683 cost 161us return 0
2026-07-21 11:31:48.029 10632-14293 OplusUtils              app.confused.anikuta.dev             D  ACodec getComponentRole [99]: mime:video/avc
2026-07-21 11:31:48.030 10632-14293 ExtendedACodec          app.confused.anikuta.dev             I  setupVideoDecoder()
2026-07-21 11:31:48.030 10632-14293 OplusACodec             app.confused.anikuta.dev             E  [GetVideoCodingTypeFromMime:L1175] mime:video/avc
2026-07-21 11:31:48.031 10632-14293 ExtendedACodec          app.confused.anikuta.dev             I  Decoder will be in frame by frame mode
2026-07-21 11:31:48.031 10632-14293 ExtendedACodec          app.confused.anikuta.dev             W  Failed to set frame packing format on component
2026-07-21 11:31:48.032 10632-14291 MediaCodec              app.confused.anikuta.dev             D  [0xb400007c2718a800] setState: 4
2026-07-21 11:31:48.032 10632-14291 MediaCodec              app.confused.anikuta.dev             D  [0xb400007c2718a800] setState: 5
2026-07-21 11:31:48.048  5234-8320  OplusAtlasFeedback      com.oplus.persist.multimedia         D  uploadMMCollectData MM_FB_EventID#20002#MetaAudioPos#[0.0|0.0|0.0]#StreamType#3#ChannelCount#2#PackageName#app.confused.anikuta.dev#EffectChains#1#StartTime#2026/07/21 23:30:20#UsingDevice#2#StreamVolume#10#Flag#8#AppName#ANIKUTA#SampleRate#48000#Format#5#MetaAudioScene#0#IsSpatialized#0#TotalTime#87524#Id#21#AudioID#e92126d52bf9
2026-07-21 11:31:48.050 10632-14293 SurfaceUtils            app.confused.anikuta.dev             D  set up nativeWindow 0xb400007c2cff2010 for 640x360, color 0x7fa30c06, rotation 0, usage 0x20402900
2026-07-21 11:31:48.053  3561-3834  SystemUi--Volume        com.android.systemui                 I  vol.OplusVolumeDialogIm-->onMultiMediaStateChange pid= 10632,state= 0 ,sessionId=103345,packageName=app.confused.anikuta.dev
2026-07-21 11:31:48.053 10632-14291 MediaCodec              app.confused.anikuta.dev             D  [0xb400007c2718a800] setState: 6
2026-07-21 11:31:48.080 10632-14293 SurfaceUtils            app.confused.anikuta.dev             D  set up nativeWindow 0xb400007c2cff2010 for 640x368, color 0x7fa30c06, rotation 0, usage 0x20402900
2026-07-21 11:31:48.095 10632-12619 AudioTrack              app.confused.anikuta.dev             D  pause(19350): prior state:STATE_FLUSHED output 21 stream 3 session 103345
2026-07-21 11:31:48.095 10632-12619 AudioTrack              app.confused.anikuta.dev             D  flush(19350): prior state:STATE_FLUSHED
2026-07-21 11:31:48.095 10632-14291 MediaCodec              app.confused.anikuta.dev             D  [0xb400007c2718a800] setState: 7
2026-07-21 11:31:48.095 10632-14291 OplusFeedbackInfo       app.confused.anikuta.dev             I  [signalFlush:L1324]
2026-07-21 11:31:48.096 10632-14291 MediaCodec              app.confused.anikuta.dev             D  [0xb400007c2718a800] setState: 6
2026-07-21 11:31:48.096 10632-14291 MediaCodec              app.confused.anikuta.dev             D  [0xb400007c2718a800] setState: 7
2026-07-21 11:31:48.096 10632-14291 OplusFeedbackInfo       app.confused.anikuta.dev             I  [signalFlush:L1324]
2026-07-21 11:31:48.097 10632-14291 MediaCodec              app.confused.anikuta.dev             D  [0xb400007c2718a800] setState: 6
2026-07-21 11:31:48.100 10632-10632 SurfaceView             app.confused.anikuta.dev             D  49013071 handleSyncNoBuffer
