2026-07-20 18:13:27.210  2407-2484  OplusFlexi...agerHelper system_server                        D  onTaskInfoChanged taskInfo:TaskInfo{userId=0 taskId=6582 displayId=0 isRunning=true baseIntent=Intent { act=android.intent.action.MAIN cat=[android.intent.category.LAUNCHER] flg=0x10200000 cmp=app.confused.anikuta.dev/app.confused.anikuta.MainActivity mCallingUid=10197 } baseActivity=ComponentInfo{app.confused.anikuta.dev/app.confused.anikuta.MainActivity} topActivity=ComponentInfo{app.confused.anikuta.dev/app.confused.anikuta.MainActivity} origActivity=null realActivity=ComponentInfo{app.confused.anikuta.dev/app.confused.anikuta.MainActivity} numActivities=1 lastActiveTime=403999029 supportsSplitScreenMultiWindow=true supportsMultiWindow=true supportsPocketStudioMultiWindow=true isInFlexibleEmbedded = false uid = 11683 pid = 22650 resizeMode=1 isResizeable=true minWidth=-1 minHeight=-1 defaultMinSize=220 token=WCT{RemoteToken{7bc2234 Task{368b022 #6582 type=standard A=11683:app.confused.anikuta.dev}}} topActivityType=1 pictureInPictureParams=null shouldDockBigOverlays=false launchIntoPipHostTaskId=-1 lastParentTaskIdBeforePip=-1 displayCutoutSafeInsets=Rect(0, 103 - 0, 0) topActivityInfo=ActivityInfo{6232096 app.confused.anikuta.MainActivity} launchCookies=[android.os.BinderProxy@10d83cc] positionInParent=Point(0, 0) parentTaskId=-1 isFocused=true isVisible=true isVisibleRequested=true isSleeping=false topActivityInSizeCompat=false topActivityInOplusCompatMode=false topActivityEligibleForLetterboxEducation= false topActivityLetterboxed= false isFromDoubleTap= false topActivityLetterboxVerticalPosition= -1 topActivityLetterboxHorizontalPosition= -1 topActivityLetterboxWidth=-1 topActivityLetterboxHeight=-1 locusId=null displayAreaFeatureId=1 cameraCompatControlState=hidden locusId= null topActivityLetterboxInsets=Rect(0, 0 - 0, 0)} task:Task{368b022 #6582 type=standard A=11683:app.confused.anikuta.dev}
2026-07-20 18:13:27.211  3561-3758  ShellTaskOrganizer      com.android.systemui                 D  dispatchTaskEventToClientIfNeed, eventType:2, taskInfo:TaskInfo{userId=0 taskId=6582 displayId=0 isRunning=true baseIntent=Intent { act=android.intent.action.MAIN cat=[android.intent.category.LAUNCHER] flg=0x10200000 cmp=app.confused.anikuta.dev/app.confused.anikuta.MainActivity mCallingUid=10197 } baseActivity=ComponentInfo{app.confused.anikuta.dev/app.confused.anikuta.MainActivity} topActivity=ComponentInfo{app.confused.anikuta.dev/app.confused.anikuta.MainActivity} origActivity=null realActivity=ComponentInfo{app.confused.anikuta.dev/app.confused.anikuta.MainActivity} numActivities=1 lastActiveTime=403999029 supportsSplitScreenMultiWindow=true supportsMultiWindow=true supportsPocketStudioMultiWindow=true isInFlexibleEmbedded = false uid = 11683 pid = 22650 resizeMode=1 isResizeable=true minWidth=-1 minHeight=-1 defaultMinSize=220 token=WCT{android.window.IWindowContainerToken$Stub$Proxy@80171c2} topActivityType=1 pictureInPictureParams=null shouldDockBigOverlays=false launchIntoPipHostTaskId=-1 lastParentTaskIdBeforePip=-1 displayCutoutSafeInsets=Rect(0, 103 - 0, 0) topActivityInfo=ActivityInfo{752bbd3 app.confused.anikuta.MainActivity} launchCookies=[android.os.BinderProxy@311f576] positionInParent=Point(0, 0) parentTaskId=-1 isFocused=true isVisible=true isVisibleRequested=true isSleeping=false topActivityInSizeCompat=false topActivityInOplusCompatMode=false topActivityEligibleForLetterboxEducation= false topActivityLetterboxed= false isFromDoubleTap= false topActivityLetterboxVerticalPosition= -1 topActivityLetterboxHorizontalPosition= -1 topActivityLetterboxWidth=-1 topActivityLetterboxHeight=-1 locusId=null displayAreaFeatureId=1 cameraCompatControlState=hidden locusId= null topActivityLetterboxInsets=Rect(0, 0 - 0, 0)}, leash:null
2026-07-20 18:13:27.219 22650-22650 ScrollOpti...neManager] app.confused.anikuta.dev             D  updateCurrentActivity: mCurrentActivityName=app.confused.anikuta.MainActivity, isOptEnable=true, isAnimAheadEnable=true, isFrameInsertEnable=true, InsertNum=1, isEnabledForScrollChanged=false
2026-07-20 18:13:27.219 22650-22650 ActivityThread          app.confused.anikuta.dev             D  ComponentInfo{app.confused.anikuta.dev/app.confused.anikuta.MainActivity} checkFinished=false 2
2026-07-20 18:13:27.219 22650-22650 ResourcesManagerExtImpl app.confused.anikuta.dev             D  applyConfigurationToAppResourcesLocked app.getDisplayId() return callback.displayId:-1
2026-07-20 18:13:27.220 22650-22650 OplusInputMethodUtil    app.confused.anikuta.dev             D  init sDebug to false, init sDebugIme to false, init sAlwaysOn to false
2026-07-20 18:13:27.220 22650-22650 OplusInputMethodUtil    app.confused.anikuta.dev             D  updateDebugToClass InputMethodManager.DEBUG = false
2026-07-20 18:13:27.220 22650-22650 OplusInputMethodUtil    app.confused.anikuta.dev             D  updateDebugToClass ImeFocusController.DEBUG = false
2026-07-20 18:13:27.220 22650-22650 OplusInputMethodUtil    app.confused.anikuta.dev             D  updateDebugToClass BaseInputConnection.DEBUG = false
2026-07-20 18:13:27.224 22650-22650 ExtensionsLoader        app.confused.anikuta.dev             D  createInstance(64bit) : createExtendedFactory
2026-07-20 18:13:27.224 22650-22650 ExtensionsLoader        app.confused.anikuta.dev             D  Opened libguiextimpl.so
2026-07-20 18:13:27.224 22650-22650 nativeloader            app.confused.anikuta.dev             D  Load liboplusgui_jni.so using system ns (caller=/system/framework/oplus-framework.jar): ok
2026-07-20 18:13:27.225  1516-2468  SurfaceFlinger          surfaceflinger                       I  [SF client] NEW(0xb400007c7c737e00) for (22650:app.confused.anikuta.dev)
2026-07-20 18:13:27.226 22650-22650 Compatibil...geReporter app.confused.anikuta.dev             D  Compat change id reported: 237531167; UID 11683; state: DISABLED
2026-07-20 18:13:27.229  2407-4824  VRR [OPlus...teManager] system_server                        D  isPkgTfcEnable: pkgName = app.confused.anikuta.dev, enable = false
2026-07-20 18:13:27.229  2407-4824  VRR [OPlus...teManager] system_server                        D  getTfcMinFramerate: pkgName = app.confused.anikuta.dev, min framerate = 0
2026-07-20 18:13:27.230 22650-22650 DynamicFra...igManager] app.confused.anikuta.dev             I  initFrameRateConfig: 
                                                                                                    	levels: [120, 60]
                                                                                                    	thresholds: [200]
                                                                                                    	scrollbar fade frame rate: 0
2026-07-20 18:13:27.230 22650-22650 DynamicFra...igManager] app.confused.anikuta.dev             I  FRTCConfigManager: FRTC_CAPABILITY = 120, package name = app.confused.anikuta.dev, WINDOW_ANIMATION_SPEED_RATE = 10, SCROLL_ANIMATION_SPEED_RATE = 20, MuitiWindowIdleFramerate = 60, PACKAGE_ENABLE = false
2026-07-20 18:13:27.230 22650-22650 DynamicFra...ontroller] app.confused.anikuta.dev             I  init info: mPackageName = app.confused.anikuta.dev, mIsEnabled = false
2026-07-20 18:13:27.230 22650-22650 WindowManager           app.confused.anikuta.dev             D  Add to mViews: DecorView@8c8a731[MainActivity],pkg= app.confused.anikuta.dev
2026-07-20 18:13:27.231 22650-22670 ExtensionsLoader        app.confused.anikuta.dev             D  createInstance(64bit) : createExtendedFactory
2026-07-20 18:13:27.232 22650-22670 ExtensionsLoader        app.confused.anikuta.dev             D  Opened libhwuiextimpl.so
2026-07-20 18:13:27.232 22650-22650 ExtensionsLoader        app.confused.anikuta.dev             D  createInstance(64bit) : createExtendedFactory
2026-07-20 18:13:27.232 22650-22650 ExtensionsLoader        app.confused.anikuta.dev             D  Opened libSchedAssistExtImpl.so
2026-07-20 18:13:27.237  2407-4824  WindowManager           system_server                        I  addWindow: New client android.os.BinderProxy@9c81283 : window=Window{425fc00 u0 app.confused.anikuta.dev/app.confused.anikuta.MainActivity}
2026-07-20 18:13:27.241 22650-22650 InputEventReceiver      app.confused.anikuta.dev             D  Input log is disabled in InputEventReceiver.
2026-07-20 18:13:27.244 22650-22650 callGcSupression        app.confused.anikuta.dev             D  java.lang.NullPointerException: Attempt to invoke virtual method 'java.lang.Object java.lang.reflect.Method.invoke(java.lang.Object, java.lang.Object[])' on a null object reference
2026-07-20 18:13:27.244 22650-22650 ResourcesManagerExtImpl app.confused.anikuta.dev             D  applyConfigurationToAppResourcesLocked app.getDisplayId() return callback.displayId:-1
2026-07-20 18:13:27.246 22650-22650 Quality                 app.confused.anikuta.dev             I  Skipped: false 1 cost 26.691198 refreshRate 16618275 bit true processName app.confused.anikuta.dev
2026-07-20 18:13:27.246 22650-22650 OplusBracketLog         app.confused.anikuta.dev             E  [OplusViewMirrorManager] updateHostViewRootIfNeeded, not support android.view.ViewRootImpl@f376233
2026-07-20 18:13:27.551 22650-22655 sed.anikuta.dev         app.confused.anikuta.dev             I  Compiler allocated 6194KB to compile void android.view.ViewRootImpl.performTraversals()
2026-07-20 18:13:27.736 22650-22650 sed.anikuta.dev         app.confused.anikuta.dev             W  Unsupported class loader: java.lang.Class<app.confused.anikuta.data.extension.loader.ChildFirstPathClassLoader>
2026-07-20 18:13:27.737 22650-22650 sed.anikuta.dev         app.confused.anikuta.dev             W  Unsupported class loader: java.lang.Class<app.confused.anikuta.data.extension.loader.ChildFirstPathClassLoader>
2026-07-20 18:13:27.738 22650-22650 sed.anikuta.dev         app.confused.anikuta.dev             W  Unsupported class loader: java.lang.Class<app.confused.anikuta.data.extension.loader.ChildFirstPathClassLoader>
2026-07-20 18:13:27.739 22650-22650 sed.anikuta.dev         app.confused.anikuta.dev             W  Unsupported class loader: java.lang.Class<app.confused.anikuta.data.extension.loader.ChildFirstPathClassLoader>
2026-07-20 18:13:27.767 22650-22650 AnikutaExtLoader        app.confused.anikuta.dev             W  Extension eu.kanade.tachiyomi.animeextension.all.googledrive isn't trusted (signature=50ab1d1e3a20d204d0ad6d334c7691c632e41b98dfa132bf385695fdfa63839c)
2026-07-20 18:13:27.767 22650-22650 sed.anikuta.dev         app.confused.anikuta.dev             W  Unsupported class loader: java.lang.Class<app.confused.anikuta.data.extension.loader.ChildFirstPathClassLoader>
2026-07-20 18:13:27.768 12034-12034 DetoxAccessibility      com.minimaa.minimal.detox.launcher   D  State Changed: app.confused.anikuta.dev
2026-07-20 18:13:27.769 22650-22650 sed.anikuta.dev         app.confused.anikuta.dev             W  Unsupported class loader: java.lang.Class<app.confused.anikuta.data.extension.loader.ChildFirstPathClassLoader>
2026-07-20 18:13:27.769 22650-22650 sed.anikuta.dev         app.confused.anikuta.dev             W  Unsupported class loader: java.lang.Class<app.confused.anikuta.data.extension.loader.ChildFirstPathClassLoader>
2026-07-20 18:13:27.771 22650-22650 sed.anikuta.dev         app.confused.anikuta.dev             W  Unsupported class loader: java.lang.Class<app.confused.anikuta.data.extension.loader.ChildFirstPathClassLoader>
2026-07-20 18:13:27.784 22650-22650 AnikutaExtLoader        app.confused.anikuta.dev             W  Extension eu.kanade.tachiyomi.animeextension.en.mkissa180 isn't trusted (signature=9754e18a89f017fd135cdf305367734fed74486f07c8638bd1ff90fc89f4dd3c)
2026-07-20 18:13:27.785 22650-22650 AnikutaExtLoader        app.confused.anikuta.dev             W  Extension eu.kanade.tachiyomi.animeextension.en.reanime180 isn't trusted (signature=726317c40b5890e9235564303e4471387cd533c630ad800427e57c5e6e07cac9)
2026-07-20 18:13:27.785 22650-22650 AnikutaExtLoader        app.confused.anikuta.dev             W  Extension eu.kanade.tachiyomi.animeextension.en.miruro isn't trusted (signature=cbec121aa82ebb02aaa73806992e0368a97d47b5451ed6524816d03084c45905)
2026-07-20 18:13:27.785 22650-22650 AnikutaExtMgr           app.confused.anikuta.dev             I  Init scan: 2 installed, 4 untrusted
2026-07-20 18:13:27.865  2407-4824  CoreBackPreview         system_server                        D  Window{425fc00 u0 app.confused.anikuta.dev/app.confused.anikuta.MainActivity}: Setting back callback OnBackInvokedCallbackInfo{mCallback=android.window.IOnBackInvokedCallback$Stub$Proxy@968da77, mPriority=0, mIsAnimationCallback=false}
2026-07-20 18:13:27.899 22650-22650 ViewRootImplExtImpl     app.confused.anikuta.dev             D  wrapConfigInfoIntoFlags rotation=0, smallestScreenWidthDp=360, relayoutAsync=false, newFlags=23592960, title=app.confused.anikuta.dev/app.confused.anikuta.MainActivity
2026-07-20 18:13:27.900  2407-4824  WindowMana...iceExtImpl system_server                        D  extractConfigInfoAndRealFlags rotation=0, screenDp=360, win=Window{425fc00 u0 app.confused.anikuta.dev/app.confused.anikuta.MainActivity}
2026-07-20 18:13:27.900  2407-4824  WindowManager           system_server                        V  Relayout Window{425fc00 u0 app.confused.anikuta.dev/app.confused.anikuta.MainActivity}: viewVisibility=0, oldvis=4, req=1080x2400, vsysui=LAYOUT_STABLE
2026-07-20 18:13:27.901  2407-4824  WindowManager           system_server                        I  Window{425fc00 u0 app.confused.anikuta.dev/app.confused.anikuta.MainActivity} state from NO_SURFACE to DRAW_PENDING; reason: resetDrawState
2026-07-20 18:13:27.901  1516-3251  OplusLayer              surfaceflinger                       D  setProcInfo (152155,app.confused.anikuta.dev/app.confused.anikuta.MainActivity#152155,app.confused.anikuta.dev)
2026-07-20 18:13:27.905  2407-4824  WindowManager           system_server                        V  Changing focus from null to Window{425fc00 u0 app.confused.anikuta.dev/app.confused.anikuta.MainActivity},diplayid=0
2026-07-20 18:13:27.909  2407-3420  UAH_JNI                 system_server                        E  uah_event_acquire ! cmdId: 301 ,strPkg: pkgName:com.wispr.flowapp,type:2,activityName:null,isFocused:false|pkgName:app.confused.anikuta.dev,type:1,activityName:app.confused.anikuta.dev/app.confused.anikuta.MainActivity,isFocused:true|pkgName:com.android.launcher,type:1,activityName:com.android.launcher/.Launcher,isFocused:false, strIdent: OplusUAwareService, timeout: -1
2026-07-20 18:13:27.909  2407-3420  [UAH_CLIENT]            system_server                        I  UahEventAcquire, cmdid:301, pkg:pkgName:com.wispr.flowapp,type:2,activityName:null,isFocused:false|pkgName:app.confused.anikuta.dev,type:1,activityName:app.confused.anikuta.dev/app.confused.anikuta.MainActivity,isFocused:true|pkgName:com.android.launcher,type:1,activityName:com.android.launcher/.Launcher,isFocused:false, identity:OplusUAwareService
2026-07-20 18:13:27.909 22650-22650 VRI[MainActivity]       app.confused.anikuta.dev             D  relayoutWindow result, sizeChanged:true, surfaceControlChanged:true, transformHintChanged:true, mSurfaceSize:Point(1080, 2400), mLastSurfaceSize:Point(0, 0), mWidth:-1, mHeight:-1, requestedWidth:1080, requestedHeight:2400, transformHint:0, lastTransformHint:-2147483648, installOrientation:0, displayRotation:0, isSurfaceValid:true, attr.flag:-2122252032, useBlast:true, tmpFrames:ClientWindowFrames{frame=[0,0][1080,2400] display=[0,0][1080,2400] parentFrame=[0,0][0,0]}
2026-07-20 18:13:27.909 22650-22650 VRI[MainActivity]       app.confused.anikuta.dev             W  updateBlastSurfaceIfNeeded, surfaceSize:Point(1080, 2400), lastSurfaceSize:Point(0, 0), format:-1, blastBufferQueue:null
2026-07-20 18:13:27.917 22650-22650 BufferQueueConsumer     app.confused.anikuta.dev             D  [](id:587a00000000,api:0,p:-1,c:22650) connect: controlledByApp=false
2026-07-20 18:13:27.917 22650-22650 ExtensionsLoader        app.confused.anikuta.dev             D  createInstance(64bit) : createExtendedFactory
2026-07-20 18:13:27.918 22650-22650 ExtensionsLoader        app.confused.anikuta.dev             D  Opened libSchedAssistExtImpl.so
2026-07-20 18:13:27.919 22650-22670 AdrenoGLES-0            app.confused.anikuta.dev             I  QUALCOMM build                   : b213cd5627, I42f35bf1e0
                                                                                                    Build Date                       : 06/11/23
                                                                                                    OpenGL ES Shader Compiler Version: EV031.32.02.17
                                                                                                    Local Branch                     : 
                                                                                                    Remote Branch                    : 
                                                                                                    Remote Branch                    : 
                                                                                                    Reconstruct Branch               : 
2026-07-20 18:13:27.919 22650-22670 AdrenoGLES-0            app.confused.anikuta.dev             I  Build Config                     : S P 10.0.7 AArch64
2026-07-20 18:13:27.919 22650-22670 AdrenoGLES-0            app.confused.anikuta.dev             I  Driver Path                      : /vendor/lib64/egl/libGLESv2_adreno.so
2026-07-20 18:13:27.923 22650-22670 AdrenoGLES-0            app.confused.anikuta.dev             I  PFP: 0x016dd093, ME: 0x00000000
2026-07-20 18:13:27.934 22650-22670 BufferQueueProducer     app.confused.anikuta.dev             D  [VRI[MainActivity]#0(BLAST Consumer)0](id:587a00000000,api:1,p:22650,c:22650) connect: api=1 producerControlledByApp=true
2026-07-20 18:13:27.934 22650-22670 OpenGLRenderer          app.confused.anikuta.dev             E  Unable to match the desired swap behavior.
2026-07-20 18:13:27.935 22650-22650 SurfaceControl          app.confused.anikuta.dev             I   setExtendedRangeBrightness sc=Surface(name=app.confused.anikuta.dev/app.confused.anikuta.MainActivity)/@0x81ccc1a,currentBufferRatio=1.0,desiredRatio=1.0
2026-07-20 18:13:27.938  1516-1516  SurfaceFlinger          surfaceflinger                       D  Find Focus windowName=425fc00 app.confused.anikuta.dev/app.confused.anikuta.MainActivity, notVisible=1
2026-07-20 18:13:27.938  1516-1516  Layer                   surfaceflinger                       D  Focus: app.confused.anikuta.dev/app.confused.anikuta.MainActivity#152155 isHiddenByPolicy s.flags&layer_state_t::eLayerHidden=1
2026-07-20 18:13:27.939  1516-2464  SurfaceFlinger          surfaceflinger                       D  updateWinowInfo=1, setFocusedWindow timestamp=345503413151948, windowName=425fc00 app.confused.anikuta.dev/app.confused.anikuta.MainActivity
2026-07-20 18:13:27.939  2407-3944  InputDispatcher         system_server                        I  NFW_setFocusedWindow, 425fc00 app.confused.anikuta.dev/app.confused.anikuta.MainActivity on display 0, same as the previous:0
2026-07-20 18:13:27.954 22650-22670 BLASTBufferQueue        app.confused.anikuta.dev             D  [VRI[MainActivity]#0](f:0,a:1) acquireNextBufferLocked size=1080x2400 mFrameNumber=1 applyTransaction=true mTimestamp=345503458029865(auto) mPendingTransactions.size=0 graphicBufferId=97281009254403 transform=0
2026-07-20 18:13:27.954 22650-22670 VRI[MainActivity]       app.confused.anikuta.dev             D  Received frameCommittedCallback lastAttemptedDrawFrameNum=1 didProduceBuffer=true syncBuffer=false
2026-07-20 18:13:27.954 22650-22650 VRI[MainActivity]       app.confused.anikuta.dev             D  draw finished.
2026-07-20 18:13:27.954 22650-22650 VRI[MainActivity]       app.confused.anikuta.dev             D  reportDrawFinished
2026-07-20 18:13:27.955 22650-22650 ViewRootImplExtImpl     app.confused.anikuta.dev             D  setMaxDequeuedBufferCount: 2
2026-07-20 18:13:27.955  2407-4476  WindowManager           system_server                        I  Window{425fc00 u0 app.confused.anikuta.dev/app.confused.anikuta.MainActivity} state from DRAW_PENDING to COMMIT_DRAW_PENDING; reason: finishDrawingLocked
2026-07-20 18:13:27.955  2407-4476  OplusTrans...ionManager system_server                        D  skipFinishDrawingIfNeed clientRotation=0, currentRotation=0, hasFixedRotationApp=false, requestedOrientation=-1, win=Window{425fc00 u0 app.confused.anikuta.dev/app.confused.anikuta.MainActivity}, activity=ActivityRecord{4cab004 u0 app.confused.anikuta.dev/app.confused.anikuta.MainActivity t6582}, currentConfig={1.0 ??mcc??mnc [en_PK] ldltr sw360dp w360dp h766dp 480dpi nrml long hdr widecg port night finger -keyb/v/h -nav/h winConfig={ mBounds=Rect(0, 0 - 1080, 2400) mAppBounds=Rect(0, 103 - 1080, 2400) mMaxBounds=Rect(0, 0 - 1080, 2400) mDisplayRotation=ROTATION_0 mWindowingMode=fullscreen mDisplayWindowingMode=fullscreen mActivityType=standard mAlwaysOnTop=undefined mRotation=ROTATION_0} s.1 fontWeightAdjustment=0mThemeChanged= 0, mThemeChangedFlags= 0, mFlipFont= 0, mScenario= -1, mAccessibleChanged= 1, mUxIconConfig= 3468921665165996337, mMaterialColor= 0, mUserId= 0, mFontUserId= 0, mFontVariationSettings= 226, mFoldingAngle = -1.0, mIconPackName= com.italiano.simplyadaptive, mDarkModeBackgroundMaxL= 0.0, mDarkModeDialogBgMaxL= 27.0, mDarkModeForegroundMinL= 100.0, mOplusConfigType= 1, mOplusChangedConfigs= 0, OpSans= -1, mBurmeseFontFlag= 2, mFlag= 0, mFlexibleActivitySuitable= -1, mPuttDisplayFlag= -1}
2026-07-20 18:13:27.955 22650-22650 Quality                 app.confused.anikuta.dev             I  ActivityThread: doFrame delay 710 app.confused.anikuta.dev 22650
2026-07-20 18:13:27.957  2407-2484  WindowManager           system_server                        I  Window{425fc00 u0 app.confused.anikuta.dev/app.confused.anikuta.MainActivity} state from COMMIT_DRAW_PENDING to READY_TO_SHOW; reason: commitFinishDrawingLocked
2026-07-20 18:13:27.957  2407-2484  ActivityTaskManager     system_server                        D  Finish StartingWindow: ActivityRecord{4cab004 u0 app.confused.anikuta.dev/app.confused.anikuta.MainActivity t6582}first real window is shown
2026-07-20 18:13:27.958  2407-2484  ActivityTaskManager     system_server                        D  removeStartingWindowAnimation starting ActivityRecord{4cab004 u0 app.confused.anikuta.dev/app.confused.anikuta.MainActivity t6582} startingWindow=null ,startingView=com.android.server.wm.StartingSurfaceController$StartingSurface@aef1d50,Callers=com.android.server.wm.ActivityRecord.removeStartingWindow:3192 com.android.server.wm.ActivityRecord.onFirstWindowDrawn:7957 com.android.server.wm.WindowState.performShowLocked:4878 com.android.server.wm.WindowStateAnimator.commitFinishDrawingLocked:321 com.android.server.wm.DisplayContent.lambda$new$8:1192 
2026-07-20 18:13:27.958  2407-2484  OplusStart...dowManager system_server                        D  interceptRemoveStartingWindow: packageName=app.confused.anikuta.dev, componentName=app.confused.anikuta.dev/app.confused.anikuta.MainActivity, isSnapshot=false, startingSurfaceRunnable=null,isDrawCompleted=false, hasSurfaceView=false, inTransition=false
2026-07-20 18:13:27.958  2407-2484  OplusSplitScreenDnDUI   system_server                        D  notifyRemoveStartingWindow isSpitScreenDrag = false mDropTargetSurface = null StartingWindowpkgName = app.confused.anikuta.dev DragPkg = null isLauncherResume = false
2026-07-20 18:13:27.960  2407-2484  WindowManager           system_server                        I  Window{425fc00 u0 app.confused.anikuta.dev/app.confused.anikuta.MainActivity} state from READY_TO_SHOW to HAS_DRAWN; reason: performShowLocked
2026-07-20 18:13:27.963  2407-2480  Quality                 system_server                        I  LaunchTime2.0: app.confused.anikuta.dev/app.confused.anikuta.MainActivity 1 1470 com.android.launcher 52 124 40603 0 237420544 0 0
2026-07-20 18:13:27.963  2407-2480  ActivityTaskManager     system_server                        I  Displayed app.confused.anikuta.dev/app.confused.anikuta.MainActivity for user 0: +1s481ms
2026-07-20 18:13:27.971  2407-3944  InputDispatcher         system_server                        I  updateFocusedWindow, 425fc00 app.confused.anikuta.dev/app.confused.anikuta.MainActivity on display 0, reason: Window became focusable. Previous reason: NOT_VISIBLE, result:   FocusedWindows:
                                                                                                        displayId=0, name='425fc00 app.confused.anikuta.dev/app.confused.anikuta.MainActivity'
2026-07-20 18:13:27.974 22650-22660 OpenGLRenderer          app.confused.anikuta.dev             I  Davey! duration=849ms; Flags=1, FrameTimelineVsyncId=181970439, IntendedVsync=345502609304724, Vsync=345502742250924, InputEventId=0, HandleInputStart=345502750508406, AnimationStart=345502750514396, PerformTraversalsStart=345502750611688, DrawStart=345503439674760, FrameDeadline=345502625971390, FrameInterval=345502749984084, FrameStartTime=16618275, SyncQueued=345503451152052, SyncStart=345503451211792, IssueDrawCommandsStart=345503451558094, SwapBuffers=345503457743979, FrameCompleted=345503458512000, DequeueBufferDuration=16355, QueueBufferDuration=402031, GpuCompleted=345503458460437, SwapBuffersCompleted=345503458512000, DisplayPresentTime=0, CommandSubmissionCompleted=345503457743979, 
2026-07-20 18:13:27.979 22650-22650 VRI[MainActivity]       app.confused.anikuta.dev             D  onFocusEvent true
2026-07-20 18:13:27.979 22650-22650 Choreographer           app.confused.anikuta.dev             I  Skipped 41 frames!  The application may be doing too much work on its main thread.
2026-07-20 18:13:27.979 22650-22650 Quality                 app.confused.anikuta.dev             I  Skipped: false 41 cost 691.1004 refreshRate 16617019 bit true processName app.confused.anikuta.dev
2026-07-20 18:13:27.986 22650-22650 VRI[MainActivity]       app.confused.anikuta.dev             W  handleResized, msg:5, frameChanged:false, configChanged:false, displayChanged:false, attachedFrameChanged:false, compatScaleChanged:false, pendingDragResizing=false
2026-07-20 18:13:27.993  2407-4476  InputMetho...gerService system_server                        D  isSecurity: attribute.packageName = app.confused.anikuta.dev mCurMethodId = com.google.android.inputmethod.latin/com.android.inputmethod.latin.LatinIME isSecurity = false ( enable = false needShow = false inBlackList = false isExist = true )
2026-07-20 18:13:27.993  2407-4476  ImeTracker              system_server                        I  app.confused.anikuta.dev:80dc85c2: onRequestHide at ORIGIN_SERVER_HIDE_INPUT reason HIDE_UNSPECIFIED_WINDOW
2026-07-20 18:13:27.993  2407-4476  ImeTracker              system_server                        I  app.confused.anikuta.dev:80dc85c2: onCancelled at PHASE_SERVER_SHOULD_HIDE
2026-07-20 18:13:28.000 22650-22670 VRI[MainActivity]       app.confused.anikuta.dev             D  Received frameCommittedCallback lastAttemptedDrawFrameNum=3 didProduceBuffer=true syncBuffer=false
2026-07-20 18:13:28.000 22650-22650 VRI[MainActivity]       app.confused.anikuta.dev             D  draw finished.
2026-07-20 18:13:28.000 22650-22650 VRI[MainActivity]       app.confused.anikuta.dev             D  reportDrawFinished
2026-07-20 18:13:28.000  9874-9874  GoogleInpu...hodService com...gle.android.inputmethod.latin  I  GoogleInputMethodService.onStartInput():1491 onStartInput(EditorInfo{EditorInfo{packageName=app.confused.anikuta.dev, inputType=0, inputTypeString=NULL, enableLearning=false, autoCorrection=false, autoComplete=false, imeOptions=0, privateImeOptions=null, actionName=UNSPECIFIED, actionLabel=null, initialSelStart=-1, initialSelEnd=-1, initialCapsMode=0, label=null, fieldId=0, fieldName=null, extras=Bundle[{com.oplus.im.SCENES=0}], hintText=null, hintLocales=[]}}, false)
2026-07-20 18:13:28.002  2407-4824  PackageConfigPersister  system_server                        W  App-specific configuration not found for packageName: app.confused.anikuta.dev and userId: 0
2026-07-20 18:13:28.015  2407-3944  OplusTrans...ionManager system_server                        D  skipFinishDrawingIfNeed clientRotation=0, currentRotation=0, hasFixedRotationApp=false, requestedOrientation=-1, win=Window{425fc00 u0 app.confused.anikuta.dev/app.confused.anikuta.MainActivity}, activity=ActivityRecord{4cab004 u0 app.confused.anikuta.dev/app.confused.anikuta.MainActivity t6582}, currentConfig={1.0 ??mcc??mnc [en_PK] ldltr sw360dp w360dp h766dp 480dpi nrml long hdr widecg port night finger -keyb/v/h -nav/h winConfig={ mBounds=Rect(0, 0 - 1080, 2400) mAppBounds=Rect(0, 103 - 1080, 2400) mMaxBounds=Rect(0, 0 - 1080, 2400) mDisplayRotation=ROTATION_0 mWindowingMode=fullscreen mDisplayWindowingMode=fullscreen mActivityType=standard mAlwaysOnTop=undefined mRotation=ROTATION_0} s.1 fontWeightAdjustment=0mThemeChanged= 0, mThemeChangedFlags= 0, mFlipFont= 0, mScenario= -1, mAccessibleChanged= 1, mUxIconConfig= 3468921665165996337, mMaterialColor= 0, mUserId= 0, mFontUserId= 0, mFontVariationSettings= 226, mFoldingAngle = -1.0, mIconPackName= com.italiano.simplyadaptive, mDarkModeBackgroundMaxL= 0.0, mDarkModeDialogBgMaxL= 27.0, mDarkModeForegroundMinL= 100.0, mOplusConfigType= 1, mOplusChangedConfigs= 0, OpSans= -1, mBurmeseFontFlag= 2, mFlag= 0, mFlexibleActivitySuitable= -1, mPuttDisplayFlag= -1}
2026-07-20 18:13:28.047 22650-22683 FeatureFlagsImplExport  app.confused.anikuta.dev             E  android.os.flagging.AconfigStorageReadException: ERROR_PACKAGE_NOT_FOUND: package com.android.libcore cannot be found on the device
2026-07-20 18:13:28.196 12034-12034 DetoxAccessibility      com.minimaa.minimal.detox.launcher   D  State Changed: app.confused.anikuta.dev
2026-07-20 18:13:28.343  3561-3800  ViewRootImplExtImpl     com.android.systemui                 D  wrapConfigInfoIntoFlags rotation=0, smallestScreenWidthDp=360, relayoutAsync=false, newFlags=23592960, title=Splash Screen app.confused.anikuta.dev
2026-07-20 18:13:28.344  2407-2892  WindowMana...iceExtImpl system_server                        D  extractConfigInfoAndRealFlags rotation=0, screenDp=360, win=Window{dddd9a5 u0 Splash Screen app.confused.anikuta.dev}
2026-07-20 18:13:28.344  2407-2892  WindowManager           system_server                        V  Relayout Window{dddd9a5 u0 Splash Screen app.confused.anikuta.dev}: viewVisibility=8, oldvis=0, req=1080x2400, vsysui=
2026-07-20 18:13:28.345  2407-2892  SurfaceAnimationRunner  system_server                        I  startAnimation requiresEdgeExtension=false, animationLeash=Surface(name=Surface(name=dddd9a5 Splash Screen app.confused.anikuta.dev)/@0x5683744 - animation-leash of window_animation)/@0xe7d2af3, runningAnim=com.android.server.wm.SurfaceAnimationRunner$RunningAnimation@95383b0, mPreProcessingAnimations={}
2026-07-20 18:13:28.349  3561-3800  OplusScrollToTopManager com.android.systemui                 D  Splash Screen app.confused.anikuta.dev,window dying
2026-07-20 18:13:28.349  3561-3800  OplusScrollToTopManager com.android.systemui                 D  Splash Screen app.confused.anikuta.dev,unregisterSystemUIBroadcastReceiver 
2026-07-20 18:13:28.349  3561-3800  OplusScrollToTopManager com.android.systemui                 D  Splash Screen app.confused.anikuta.dev, unregisterSystemUIBroadcastReceiver failed java.lang.IllegalArgumentException: Receiver not registered: android.view.OplusScrollToTopManager$2@9d9428
2026-07-20 18:13:28.350  2407-4055  InputManager-JNI        system_server                        W  Input channel object 'dddd9a5 Splash Screen app.confused.anikuta.dev (client)' was disposed without first being removed with the input manager!
2026-07-20 18:13:28.355  2407-2485  SurfaceAnimationRunner  system_server                        D  onAnimationStart:Surface(name=Surface(name=dddd9a5 Splash Screen app.confused.anikuta.dev)/@0x5683744 - animation-leash of window_animation)/@0xe7d2af3
2026-07-20 18:13:28.356  2407-3944  CoreBackPreview         system_server                        D  Window{dddd9a5 u0 Splash Screen app.confused.anikuta.dev EXITING}: Setting back callback null
2026-07-20 18:13:28.368  1516-1516  Layer                   surfaceflinger                       D  reparent to null sequence=152158, seq[17], name=Surface(name=425fc00 app.confused.anikuta.dev/app.confused.anikuta.MainActivity)/@0xe9e0b49 - animation-leash of starting_reveal#152158
2026-07-20 18:13:28.518  2407-2485  SurfaceAnimationRunner  system_server                        D  onAnimationEnd:Surface(name=Surface(name=dddd9a5 Splash Screen app.confused.anikuta.dev)/@0x5683744 - animation-leash of window_animation)/@0xe7d2af3
2026-07-20 18:13:28.518  2407-2484  WindowStateExtImpl      system_server                        I  onSurfaceShowChange show = false mPackageName = app.confused.anikuta.dev parentPkgName = app.confused.anikuta.dev
2026-07-20 18:13:28.518  2407-2484  WindowManager           system_server                        I  Window{dddd9a5 u0 Splash Screen app.confused.anikuta.dev EXITING} state from HAS_DRAWN to NO_SURFACE; reason: destroySurface
2026-07-20 18:13:28.534  1516-1516  Layer                   surfaceflinger                       D  reparent to null sequence=152146, seq[4], name=Splash Screen app.confused.anikuta.dev#152146
2026-07-20 18:13:28.535  1516-1516  Layer                   surfaceflinger                       D  reparent to null sequence=152145, seq[4], name=dddd9a5 Splash Screen app.confused.anikuta.dev#152145
2026-07-20 18:13:28.535  1516-1516  Layer                   surfaceflinger                       D  reparent to null sequence=152160, seq[11], name=Surface(name=dddd9a5 Splash Screen app.confused.anikuta.dev)/@0x5683744 - animation-leash of window_animation#152160
2026-07-20 18:13:28.790  4228-4478  AppStateRecord          com.oplus.nas                        D  getFgAppInStuckList: fgApp app.confused.anikuta.dev
2026-07-20 18:13:28.994 22650-22687 OplusScrollToTopManager app.confused.anikuta.dev             D  app.confused.anikuta.dev/app.confused.anikuta.MainActivity,This DecorView@8c8a731[MainActivity] change focus to true
2026-07-20 18:13:29.230 22650-22650 Quality                 app.confused.anikuta.dev             I  Skipped: false 10 cost 181.2828 refreshRate 16616191 bit true processName app.confused.anikuta.dev
2026-07-20 18:13:30.814  2407-3286  system_server           system_server                        D  addOrUpdateWindow: set 425fc00 app.confused.anikuta.dev/app.confused.anikuta.MainActivity firstDownTimeInTarget to 345506313326000
2026-07-20 18:13:30.902 22650-22650 Quality                 app.confused.anikuta.dev             I  Skipped: false 1 cost 25.694742 refreshRate 16615567 bit true processName app.confused.anikuta.dev
2026-07-20 18:13:30.968 22650-22650 Quality                 app.confused.anikuta.dev             I  Skipped: false 2 cost 41.768456 refreshRate 16615855 bit true processName app.confused.anikuta.dev
2026-07-20 18:13:31.003 22650-22650 Quality                 app.confused.anikuta.dev             I  Skipped: false 1 cost 26.584713 refreshRate 16617558 bit true processName app.confused.anikuta.dev
2026-07-20 18:13:31.035 22650-22650 Quality                 app.confused.anikuta.dev             I  Skipped: false 1 cost 25.819983 refreshRate 16617272 bit true processName app.confused.anikuta.dev
2026-07-20 18:13:31.092 22650-22650 Quality                 app.confused.anikuta.dev             I  Skipped: false 2 cost 49.171474 refreshRate 16616433 bit true processName app.confused.anikuta.dev
2026-07-20 18:13:31.133 22650-22650 Quality                 app.confused.anikuta.dev             I  Skipped: false 1 cost 23.884916 refreshRate 16616614 bit true processName app.confused.anikuta.dev
2026-07-20 18:13:31.165 22650-22650 Quality                 app.confused.anikuta.dev             I  Skipped: false 1 cost 23.0018 refreshRate 16616467 bit true processName app.confused.anikuta.dev
2026-07-20 18:13:31.193 22650-22650 Quality                 app.confused.anikuta.dev             I  Skipped: false 1 cost 17.664282 refreshRate 16617615 bit true processName app.confused.anikuta.dev
2026-07-20 18:13:31.372 22650-22650 Quality                 app.confused.anikuta.dev             I  Skipped: true 1 cost 30.006401 refreshRate 16618631 bit true processName app.confused.anikuta.dev
2026-07-20 18:13:31.374 22650-22650 OplusInput...erInternal app.confused.anikuta.dev             D  get inputMethodManager extension: com.android.internal.view.IInputMethodManager$Stub$Proxy@1fe4bfc
2026-07-20 18:13:31.376 22650-22650 ViewRootImplExtImpl     app.confused.anikuta.dev             D  MotionEvent MotionEvent { action=ACTION_UP, actionButton=0, id[0]=0, x[0]=936.8672, y[0]=796.33203, toolType[0]=TOOL_TYPE_FINGER, buttonState=0, classification=NONE, metaState=0, flags=0x802, edgeFlags=0x0, pointerCount=1, historySize=0, eventTime=345506876, downTime=345506313, deviceId=-1, source=0x1002, displayId=0, eventId=670867699 } handled by client, just return
2026-07-20 18:13:31.639  7114-8079  AppSwitchObserverHelper com.oplus.battery                    D  packageName: app.confused.anikuta.dev,com.android.launcher
2026-07-20 18:13:31.913  2407-3286  system_server           system_server                        D  addOrUpdateWindow: set 425fc00 app.confused.anikuta.dev/app.confused.anikuta.MainActivity firstDownTimeInTarget to 345507415240000
2026-07-20 18:13:32.100 22650-22650 Quality                 app.confused.anikuta.dev             I  Skipped: false 1 cost 26.978437 refreshRate 16621441 bit true processName app.confused.anikuta.dev
2026-07-20 18:13:32.210 22650-22650 Quality                 app.confused.anikuta.dev             I  Skipped: true 1 cost 20.93174 refreshRate 16618513 bit true processName app.confused.anikuta.dev
2026-07-20 18:13:32.256 22650-22650 ViewRootImplExtImpl     app.confused.anikuta.dev             D  MotionEvent MotionEvent { action=ACTION_UP, actionButton=0, id[0]=0, x[0]=843.78125, y[0]=945.39355, toolType[0]=TOOL_TYPE_FINGER, buttonState=0, classification=NONE, metaState=0, flags=0x802, edgeFlags=0x0, pointerCount=1, historySize=0, eventTime=345507749, downTime=345507415, deviceId=-1, source=0x1002, displayId=0, eventId=865593789 } handled by client, just return
2026-07-20 18:13:32.432 22650-22766 ProfileInstaller        app.confused.anikuta.dev             D  Installing profile for app.confused.anikuta.dev
2026-07-20 18:13:36.658  2407-3286  system_server           system_server                        D  addOrUpdateWindow: set 425fc00 app.confused.anikuta.dev/app.confused.anikuta.MainActivity firstDownTimeInTarget to 345512159270000
2026-07-20 18:13:36.744 22650-22658 sed.anikuta.dev         app.confused.anikuta.dev             W  ApkAssets: Deleting an ApkAssets object '<empty> and /data/app/~~yEfU3qrv1_W4hFVar8NvgQ==/eu.kanade.tachiyomi.animeextension.en.anikoto-wVQtbFA1QQZfXbh_c0oIGg==/base.apk' with 1 weak references
2026-07-20 18:13:36.744 22650-22658 sed.anikuta.dev         app.confused.anikuta.dev             W  ApkAssets: Deleting an ApkAssets object '<empty> and /data/app/~~TNwwh7BYZ-K5rcbIMHigWA==/eu.kanade.tachiyomi.animeextension.en.anikoto180-HWusFr1eITPS5ocs8DmA0w==/base.apk' with 1 weak references
2026-07-20 18:13:38.117 22650-22650 ViewRootImplExtImpl     app.confused.anikuta.dev             D  MotionEvent MotionEvent { action=ACTION_UP, actionButton=0, id[0]=0, x[0]=831.7705, y[0]=818.3408, toolType[0]=TOOL_TYPE_FINGER, buttonState=0, classification=NONE, metaState=0, flags=0x802, edgeFlags=0x0, pointerCount=1, historySize=0, eventTime=345513617, downTime=345512159, deviceId=-1, source=0x1002, displayId=0, eventId=389104874 } handled by client, just return
2026-07-20 18:13:40.477  2407-3286  system_server           system_server                        D  addOrUpdateWindow: set 425fc00 app.confused.anikuta.dev/app.confused.anikuta.MainActivity firstDownTimeInTarget to 345515978512000
2026-07-20 18:13:40.553 22650-22650 ViewRootImplExtImpl     app.confused.anikuta.dev             D  MotionEvent MotionEvent { action=ACTION_UP, actionButton=0, id[0]=0, x[0]=800.7412, y[0]=1519.6328, toolType[0]=TOOL_TYPE_FINGER, buttonState=0, classification=NONE, metaState=0, flags=0x802, edgeFlags=0x0, pointerCount=1, historySize=0, eventTime=345516050, downTime=345515978, deviceId=-1, source=0x1002, displayId=0, eventId=131045883 } handled by client, just return
2026-07-20 18:13:40.593 22650-22650 WindowOnBackDispatcher  app.confused.anikuta.dev             W  OnBackInvokedCallback is not enabled for the application.
                                                                                                    Set 'android:enableOnBackInvokedCallback="true"' in the application manifest.
2026-07-20 18:13:40.602 22650-22650 Quality                 app.confused.anikuta.dev             I  Skipped: true 1 cost 20.943975 refreshRate 16619989 bit true processName app.confused.anikuta.dev
2026-07-20 18:13:40.915 22650-22650 AnikutaDetailVM         app.confused.anikuta.dev             I  Searching sources for 'That Time I Got Reincarnated as a Slime Season 4' (anilistId=182205)
2026-07-20 18:13:40.916 22650-22650 AnikutaSourceMatcher    app.confused.anikuta.dev             W  matchAll: no catalogue sources available
2026-07-20 18:13:40.921 22650-22650 Compatibil...geReporter app.confused.anikuta.dev             D  Compat change id reported: 147798919; UID 11683; state: ENABLED
2026-07-20 18:13:40.945  3561-3561  SystemUi--Notification  com.android.systemui                 I  OplusNotificationLogger-->TOAST-->showToast , pkg = app.confused.anikuta.dev, uid = 11683 , token = android.os.BinderProxy@797992c , content = no_need_print
2026-07-20 18:13:40.987 22650-22650 Compatibil...geReporter app.confused.anikuta.dev             D  Compat change id reported: 247079863; UID 11683; state: ENABLED
2026-07-20 18:13:41.094 22650-22650 Quality                 app.confused.anikuta.dev             I  Skipped: false 9 cost 163.31918 refreshRate 16615759 bit true processName app.confused.anikuta.dev
2026-07-20 18:13:44.763  3561-3561  SystemUi--Notification  com.android.systemui                 I  OplusNotificationLogger-->TOAST-->hideToast , pkg = app.confused.anikuta.dev, uid = no_need_print , token = android.os.BinderProxy@797992c , content = no_need_print
2026-07-20 18:13:45.066  2407-3732  NotificationService     system_server                        W  Toast already killed. pkg=app.confused.anikuta.dev token=android.os.BinderProxy@493617c
2026-07-20 18:14:08.329  2407-3420  UAH_JNI                 system_server                        E  uah_event_acquire ! cmdId: 301 ,strPkg: pkgName:com.wispr.flowapp,type:2,activityName:null,isFocused:true|pkgName:app.confused.anikuta.dev,type:1,activityName:app.confused.anikuta.dev/app.confused.anikuta.MainActivity,isFocused:false|pkgName:com.android.launcher,type:1,activityName:com.android.launcher/.Launcher,isFocused:false, strIdent: OplusUAwareService, timeout: -1
2026-07-20 18:14:08.329  2407-3420  [UAH_CLIENT]            system_server                        I  UahEventAcquire, cmdid:301, pkg:pkgName:com.wispr.flowapp,type:2,activityName:null,isFocused:true|pkgName:app.confused.anikuta.dev,type:1,activityName:app.confused.anikuta.dev/app.confused.anikuta.MainActivity,isFocused:false|pkgName:com.android.launcher,type:1,activityName:com.android.launcher/.Launcher,isFocused:false, identity:OplusUAwareService
2026-07-20 18:14:26.380  2407-3286  system_server           system_server                        D  addOrUpdateWindow: set 425fc00 app.confused.anikuta.dev/app.confused.anikuta.MainActivity firstDownTimeInTarget to 345561879775000
2026-07-20 18:14:26.482 22650-22650 Compatibil...geReporter app.confused.anikuta.dev             D  Compat change id reported: 171228096; UID 11683; state: ENABLED
2026-07-20 18:14:26.664 22650-22650 ViewRootImplExtImpl     app.confused.anikuta.dev             D  MotionEvent MotionEvent { action=ACTION_UP, actionButton=0, id[0]=0, x[0]=748.69336, y[0]=2381.9932, toolType[0]=TOOL_TYPE_FINGER, buttonState=0, classification=NONE, metaState=0, flags=0x802, edgeFlags=0x0, pointerCount=1, historySize=0, eventTime=345562163, downTime=345561879, deviceId=-1, source=0x1002, displayId=0, eventId=804654282 } handled by client, just return
