2026-07-21 11:31:48.100 10632-10632 SurfaceView             app.confused.anikuta.dev             D  49013071 finishedDrawing
2026-07-21 11:31:48.100 10632-10632 SurfaceView             app.confused.anikuta.dev             D  49013071 performDrawFinished mAttachedToWindow true
2026-07-21 11:31:48.100  2407-4292  OplusStart...dowManager system_server                        D  updateRecordSurfaceViewState windowToken=android.os.BinderProxy@f8f3b00, hasSurfaceView=true, win=Window{5f64f39 u0 app.confused.anikuta.dev/app.confused.anikuta.MainActivity}
2026-07-21 11:31:48.101 10632-10632 SurfaceView             app.confused.anikuta.dev             D  49013071 dispatchDraw mDrawFinished true isAboveParent false (mPrivateFlags & PFLAG_SKIP_DRAW) 128
2026-07-21 11:31:48.101 10632-10632 SurfaceView             app.confused.anikuta.dev             D  49013071 clearSurfaceViewPort mCornerRadius 0.0
2026-07-21 11:31:48.112 10632-10632 Quality                 app.confused.anikuta.dev             I  ActivityThread: doFrame delay 593 app.confused.anikuta.dev 10632
2026-07-21 11:31:48.112 10632-10632 callGcSupression        app.confused.anikuta.dev             D  java.lang.NullPointerException: Attempt to invoke virtual method 'java.lang.Object java.lang.reflect.Method.invoke(java.lang.Object, java.lang.Object[])' on a null object reference
2026-07-21 11:31:48.113 10632-10632 callGcSupression        app.confused.anikuta.dev             D  java.lang.NullPointerException: Attempt to invoke virtual method 'java.lang.Object java.lang.reflect.Method.invoke(java.lang.Object, java.lang.Object[])' on a null object reference
2026-07-21 11:31:48.114 10632-10632 VRI[MainActivity]       app.confused.anikuta.dev             D  setWindowStopped stopped:true
2026-07-21 11:31:48.120  1516-1516  Layer                   surfaceflinger                       D  reparent to null sequence=168742, seq[5], name=SurfaceView[app.confused.anikuta.dev/app.confused.anikuta.MainActivity]#168742
2026-07-21 11:31:48.120  1516-1516  Layer                   surfaceflinger                       D  reparent to null sequence=168743, seq[4], name=SurfaceView[app.confused.anikuta.dev/app.confused.anikuta.MainActivity](BLAST)#168743
2026-07-21 11:31:48.120  1516-1516  Layer                   surfaceflinger                       D  reparent to null sequence=168744, seq[4], name=Background for SurfaceView[app.confused.anikuta.dev/app.confused.anikuta.MainActivity]#168744
2026-07-21 11:31:48.120 10632-10632 SurfaceView             app.confused.anikuta.dev             I  49013071 surfaceDestroyed
2026-07-21 11:31:48.120 10632-10632 mpv                     app.confused.anikuta.dev             W  detaching surface
2026-07-21 11:31:48.122 10632-14291 MediaCodec              app.confused.anikuta.dev             D  [0xb400007c2718a800] setState: 7
2026-07-21 11:31:48.122 10632-14291 OplusFeedbackInfo       app.confused.anikuta.dev             I  [signalFlush:L1324]
2026-07-21 11:31:48.123 10632-10649 OpenGLRenderer          app.confused.anikuta.dev             I  Davey! duration=709ms; Flags=0, FrameTimelineVsyncId=211147598, IntendedVsync=390427219389770, Vsync=390427319064434, InputEventId=929188906, HandleInputStart=390427334547623, AnimationStart=390427334549707, PerformTraversalsStart=390427762533092, DrawStart=390427914762727, FrameDeadline=390427236056436, FrameInterval=390427333678769, FrameStartTime=16612444, SyncQueued=390427925911581, SyncStart=390427926031373, IssueDrawCommandsStart=390427926316529, SwapBuffers=390427927110540, FrameCompleted=390427929243248, DequeueBufferDuration=23229, QueueBufferDuration=406823, GpuCompleted=390427929243248, SwapBuffersCompleted=390427927830852, DisplayPresentTime=390421902077261, CommandSubmissionCompleted=390427927110540, 
2026-07-21 11:31:48.124 10632-14291 MediaCodec              app.confused.anikuta.dev             D  [0xb400007c2718a800] setState: 6
2026-07-21 11:31:48.125 10632-10632 MediaCodec              app.confused.anikuta.dev             D  [0xb400007c2718a800] [OMX.qcom.video.decoder.avc] stop
2026-07-21 11:31:48.125 10632-14291 MediaCodec              app.confused.anikuta.dev             D  [0xb400007c2718a800] setState: 9
2026-07-21 11:31:48.125 10632-14291 OplusFeedbackInfo       app.confused.anikuta.dev             I  [sendFeedbackInfo:L462]  send:MM_FB_EventID#21001#ClientPid#10632#ReportLevel#0#isHDRVideo#false#startTimeLocal#2026/07/21_23:31:48#timeUsage#0#videoComponent#OMX.qcom.video.decoder.avc#videoHeight#360#videoMime#video/avc#videoWidth#640
2026-07-21 11:31:48.125 10632-14291 AtlasEventUploadUtils   app.confused.anikuta.dev             D  setEvent event:atlas_event_atlasserver_feedback
2026-07-21 11:31:48.139 10632-14291 MediaCodec              app.confused.anikuta.dev             D  [0xb400007c2718a800] [OMX.qcom.video.decoder.avc] kWhatStopCompleted
2026-07-21 11:31:48.141 10632-14291 MediaCodec              app.confused.anikuta.dev             D  [0xb400007c2718a800] setState: 2
2026-07-21 11:31:48.141 10632-14291 MediaCodec              app.confused.anikuta.dev             D  [0xb400007c2718a800] [OMX.qcom.video.decoder.avc] disconnectFromSurface: mSurface 0xb400007c2cff2000
2026-07-21 11:31:48.141 10632-14291 SurfaceUtils            app.confused.anikuta.dev             D  disconnecting from surface 0xb400007c2cff2010, reason disconnectFromSurface
2026-07-21 11:31:48.141 10632-14291 BufferQueueProducer     app.confused.anikuta.dev             D  [ImageReader-16x16f22u256m5-10632-1](id:298800000007,api:3,p:10632,c:10632) disconnect: api 3
2026-07-21 11:31:48.145 10632-10632 MediaCodec              app.confused.anikuta.dev             D  [0xb400007c2718a800] [OMX.qcom.video.decoder.avc] releaseAsync
2026-07-21 11:31:48.145 10632-14291 MediaCodec              app.confused.anikuta.dev             D  [0xb400007c2718a800] setState: 10
2026-07-21 11:31:48.146 10632-14289 BufferQueueConsumer     app.confused.anikuta.dev             D  [ImageReader-16x16f22u256m5-10632-1](id:298800000007,api:0,p:-1,c:10632) disconnect
2026-07-21 11:31:48.147 10632-14289 BufferQueueProducer     app.confused.anikuta.dev             D  [SurfaceView[app.confused.anikuta.dev/app.confused.anikuta.MainActivity]#5(BLAST Consumer)5](id:298800000006,api:1,p:10632,c:10632) disconnect: api 1
2026-07-21 11:31:48.148 10632-12625 mpv/ffmpeg/video        app.confused.anikuta.dev             E  h264_mediacodec: Both surface and native_window are NULL
2026-07-21 11:31:48.149 10632-10632 MediaCodec              app.confused.anikuta.dev             D  CreateByComponentName: name OMX.qcom.video.decoder.avc
2026-07-21 11:31:48.149 24385-14096 Quality-OIDTUtils       com.oplus.midas                      I  Exception type:2; pkgName:app.confused.anikuta.dev;
2026-07-21 11:31:48.149 10632-10632 libc                    app.confused.anikuta.dev             W  Access denied finding property "vendor.debug.stagefright.mediacodec.trace"
2026-07-21 11:31:48.149 10632-14291 MediaCodec              app.confused.anikuta.dev             D  [0xb400007c2718a800] [OMX.qcom.video.decoder.avc] kWhatReleaseCompleted
2026-07-21 11:31:48.149 10632-14291 MediaCodec              app.confused.anikuta.dev             D  [0xb400007c2718a800] setState: 0
2026-07-21 11:31:48.150 10632-14291 MediaCodec              app.confused.anikuta.dev             D  flushMediametrics
2026-07-21 11:31:48.150 10632-14291 MediaCodec              app.confused.anikuta.dev             D  [0xb400007c2718a800] ~MediaCodec
2026-07-21 11:31:48.150 10632-10632 OplusACodec             app.confused.anikuta.dev             D  OplusACodec [147]: 
2026-07-21 11:31:48.150 10632-14291 MediaCodec              app.confused.anikuta.dev             D  flushMediametrics
2026-07-21 11:31:48.150 10632-14291 MediaCodec              app.confused.anikuta.dev             W  no metrics handle found
2026-07-21 11:31:48.150 10632-14291 OplusACodec             app.confused.anikuta.dev             D  ~OplusACodec [212]: 
2026-07-21 11:31:48.150 10632-14291 OplusFeedbackInfo       app.confused.anikuta.dev             D  ~OplusAnalysisFPS
2026-07-21 11:31:48.150 10632-14291 AtlasEventUploadUtils   app.confused.anikuta.dev             D  setEvent event:atlas_event_video_monitor_network_switch
2026-07-21 11:31:48.150 10632-10632 libc                    app.confused.anikuta.dev             W  Access denied finding property "vendor.oplus.media.vpp.stutter"
2026-07-21 11:31:48.151 10632-14291 sed.anikuta.dev         app.confused.anikuta.dev             D  [notifyStatusToSF:L31] hdrtype is 0
2026-07-21 11:31:48.151 10632-10632 ListServiceUtils        app.confused.anikuta.dev             V  getListValueByUid module:sr-osie-whitelist uid:11683 cost 181us return 0
2026-07-21 11:31:48.151 10632-10632 ListServiceUtils        app.confused.anikuta.dev             V  checkInListByUid start module:video-setsurface-error uid:11683  time 390427965035us
2026-07-21 11:31:48.151 10632-10632 ListServiceUtils        app.confused.anikuta.dev             V  checkInListByUid end module:video-setsurface-error uid:11683  time 390427965116us
2026-07-21 11:31:48.151 10632-10632 ListServiceUtils        app.confused.anikuta.dev             D  checkInListByUid module:video-setsurface-error uid:11683 cost 80us return 0
2026-07-21 11:31:48.151 10632-10632 OplusACodec             app.confused.anikuta.dev             D  ACodec() ro.oplus.audio.effect.type = dolby ro.oplus.audio.dolby.type = none
2026-07-21 11:31:48.151 10632-10632 MULTIMEDIAConfig        app.confused.anikuta.dev             D  [getInt32:L85] Config name: oplus.software.video.hqv_support value: 1
2026-07-21 11:31:48.151 10632-10632 ListServiceUtils        app.confused.anikuta.dev             V  checkInListByUid start module:HQV-effect uid:11683  time 390427965159us
2026-07-21 11:31:48.151 10632-10632 ListServiceUtils        app.confused.anikuta.dev             V  checkInListByUid end module:HQV-effect uid:11683  time 390427965243us
2026-07-21 11:31:48.151 10632-10632 ListServiceUtils        app.confused.anikuta.dev             D  checkInListByUid module:HQV-effect uid:11683 cost 84us return 0
2026-07-21 11:31:48.151 10632-10632 MULTIMEDIAConfig        app.confused.anikuta.dev             E  [getInt32:L80] Not find config, Returning default
2026-07-21 11:31:48.151 10632-10632 MULTIMEDIAConfig        app.confused.anikuta.dev             E  [getInt32:L80] Not find config, Returning default
2026-07-21 11:31:48.151 10632-10632 OplusACodec             app.confused.anikuta.dev             E  [OplusACodec:204] mSrOsieMMListCheckResult:0x0 mOsieVersion:1
2026-07-21 11:31:48.151 10632-10632 OplusACodec             app.confused.anikuta.dev             D  getBufferChannel: New
2026-07-21 11:31:48.151 10632-10632 MediaCodec              app.confused.anikuta.dev             D  [0xb400007c332d2000] init: CCodec 0xb400007c98ff7510, CCodecBufferChannel 0xb400007c990a9458
2026-07-21 11:31:48.152  7114-20030 Battery                 com.oplus.battery                    W  DeepThinkerProxy: onEventStateChanged DeviceEventResult :	eventType is :205	eventStateType is :1	pid is : 10632		packageName is : app.confused.anikuta.dev
2026-07-21 11:31:48.152 10632-14302 MediaCodec              app.confused.anikuta.dev             D  [0xb400007c332d2000] setState: 1
2026-07-21 11:31:48.154 10632-14303 OMXClient               app.confused.anikuta.dev             I  IOmx service obtained
2026-07-21 11:31:48.158 10632-14302 MediaCodec              app.confused.anikuta.dev             D  [0xb400007c332d2000] setState: 2
2026-07-21 11:31:48.159 10632-10632 MediaCodec              app.confused.anikuta.dev             I  [0xb400007c332d2000] [OMX.qcom.video.decoder.avc] configure, format : AMessage(what = 0x00000000) = {
                                                                                                      Buffer csd-1 = {
                                                                                                        00000000:  00 00 00 01 68 e9 79 cb  22 c0                    ....h.y.".
                                                                                                      }
                                                                                                      string mime = "video/avc"
                                                                                                      int32_t width = 640
                                                                                                      Buffer csd-0 = {
                                                                                                        00000000:  00 00 00 01 67 64 00 1e  ac d9 80 a0 2f f9 70 11  ....gd....../.p.
                                                                                                        00000010:  00 00 03 00 01 00 00 03  00 32 0f 16 2d 9a        .........2..-.
                                                                                                      }
                                                                                                      int32_t height = 360
                                                                                                    }
2026-07-21 11:31:48.159 10632-14302 MediaCodec              app.confused.anikuta.dev             D  flushMediametrics
2026-07-21 11:31:48.160 10632-14302 MediaCodec              app.confused.anikuta.dev             D  [0xb400007c332d2000] setState: 3
2026-07-21 11:31:48.160 10632-14303 OplusACodec             app.confused.anikuta.dev             D  [configureCodec:L1526] OplusFeedbackInfo  mFeedbackID:-5476376611739699968
2026-07-21 11:31:48.160 10632-14303 AString                 app.confused.anikuta.dev             W  ctor got NULL, using empty string instead
2026-07-21 11:31:48.160 10632-14303 ListServiceUtils        app.confused.anikuta.dev             V  getListValueByName module:control package:hdrAuthenticationMode cost 151us return 0
2026-07-21 11:31:48.161 10632-14303 sed.anikuta.dev         app.confused.anikuta.dev             E  get parcel data error
2026-07-21 11:31:48.161 10632-14303 ListServiceUtils        app.confused.anikuta.dev             V  getPackageNameByPid pid:10632 procName: cost 63us return -1
2026-07-21 11:31:48.161 10632-14303 AtlasEventUploadUtils   app.confused.anikuta.dev             D  setEvent event:atlas_event_video_monitor_network_switch
2026-07-21 11:31:48.162 10632-14303 ListServiceUtils        app.confused.anikuta.dev             V  checkInListByUid start module:check-first-IRAP uid:11683  time 390427975848us
2026-07-21 11:31:48.162 10632-14303 ListServiceUtils        app.confused.anikuta.dev             V  checkInListByUid end module:check-first-IRAP uid:11683  time 390427975947us
2026-07-21 11:31:48.162 10632-14303 ListServiceUtils        app.confused.anikuta.dev             D  checkInListByUid module:check-first-IRAP uid:11683 cost 98us return 0
2026-07-21 11:31:48.162 10632-14303 ListServiceUtils        app.confused.anikuta.dev             V  checkInListByUid start module:notify-network-optimize uid:11683  time 390427975956us
2026-07-21 11:31:48.162 10632-14303 ListServiceUtils        app.confused.anikuta.dev             V  checkInListByUid end module:notify-network-optimize uid:11683  time 390427976109us
2026-07-21 11:31:48.162 10632-14303 ListServiceUtils        app.confused.anikuta.dev             D  checkInListByUid module:notify-network-optimize uid:11683 cost 152us return 0
2026-07-21 11:31:48.162 10632-14303 ListServiceUtils        app.confused.anikuta.dev             V  checkInListByUid start module:video-statistics uid:11683  time 390427976126us
2026-07-21 11:31:48.162 10632-14303 ListServiceUtils        app.confused.anikuta.dev             V  checkInListByUid end module:video-statistics uid:11683  time 390427976225us
2026-07-21 11:31:48.162 10632-14303 ListServiceUtils        app.confused.anikuta.dev             D  checkInListByUid module:video-statistics uid:11683 cost 99us return 0
2026-07-21 11:31:48.162 10632-14303 ListServiceUtils        app.confused.anikuta.dev             V  getListValueByUid module:video-resolution-blurry uid:11683 cost 130us return 0
2026-07-21 11:31:48.162 10632-14303 ListServiceUtils        app.confused.anikuta.dev             V  getListValueByUid module:video-stutter-threshold uid:11683 cost 118us return 0
2026-07-21 11:31:48.163 10632-14303 OplusUtils              app.confused.anikuta.dev             D  ACodec getComponentRole [99]: mime:video/avc
2026-07-21 11:31:48.163 10632-14303 ExtendedACodec          app.confused.anikuta.dev             I  setupVideoDecoder()
2026-07-21 11:31:48.163 10632-14303 OplusACodec             app.confused.anikuta.dev             E  [GetVideoCodingTypeFromMime:L1175] mime:video/avc
2026-07-21 11:31:48.164 10632-14303 ExtendedACodec          app.confused.anikuta.dev             I  Decoder will be in frame by frame mode
2026-07-21 11:31:48.164 10632-14303 ExtendedACodec          app.confused.anikuta.dev             W  Failed to set frame packing format on component
2026-07-21 11:31:48.165 10632-14302 MediaCodec              app.confused.anikuta.dev             D  [0xb400007c332d2000] setState: 4
2026-07-21 11:31:48.166 10632-14302 MediaCodec              app.confused.anikuta.dev             D  [0xb400007c332d2000] setState: 5
2026-07-21 11:31:48.190 10632-14302 MediaCodec              app.confused.anikuta.dev             D  [0xb400007c332d2000] setState: 6
2026-07-21 11:31:48.228 10632-12619 AudioTrack              app.confused.anikuta.dev             D  pause(19350): prior state:STATE_FLUSHED output 21 stream 3 session 103345
2026-07-21 11:31:48.228 10632-12619 AudioTrack              app.confused.anikuta.dev             D  flush(19350): prior state:STATE_FLUSHED
2026-07-21 11:31:48.228 10632-14302 MediaCodec              app.confused.anikuta.dev             D  [0xb400007c332d2000] setState: 7
2026-07-21 11:31:48.228 10632-14302 OplusFeedbackInfo       app.confused.anikuta.dev             I  [signalFlush:L1324]
2026-07-21 11:31:48.229 10632-14302 MediaCodec              app.confused.anikuta.dev             D  [0xb400007c332d2000] setState: 6
2026-07-21 11:31:48.229 10632-14302 MediaCodec              app.confused.anikuta.dev             D  [0xb400007c332d2000] setState: 7
2026-07-21 11:31:48.229 10632-14302 OplusFeedbackInfo       app.confused.anikuta.dev             I  [signalFlush:L1324]
2026-07-21 11:31:48.231 10632-14302 MediaCodec              app.confused.anikuta.dev             D  [0xb400007c332d2000] setState: 6
2026-07-21 11:31:48.231 10632-10632 BufferQueueProducer     app.confused.anikuta.dev             D  [SurfaceView[app.confused.anikuta.dev/app.confused.anikuta.MainActivity]#5(BLAST Consumer)5](id:298800000006,api:0,p:-1,c:10632) disconnect: api -1
2026-07-21 11:31:48.231 10632-10632 BLASTBufferQueue        app.confused.anikuta.dev             D  [SurfaceView[app.confused.anikuta.dev/app.confused.anikuta.MainActivity]#5](f:0,a:1) destructor()
2026-07-21 11:31:48.231 10632-10632 BufferQueueConsumer     app.confused.anikuta.dev             D  [SurfaceView[app.confused.anikuta.dev/app.confused.anikuta.MainActivity]#5(BLAST Consumer)5](id:298800000006,api:0,p:-1,c:10632) disconnect
2026-07-21 11:31:48.236 10632-10632 AnikutaWatchScreen      app.confused.anikuta.dev             W  Failed to save progress on dispose
                                                                                                    kotlinx.serialization.SerializationException: Serializer for class 'Progress' is not found.
                                                                                                    Please ensure that class is marked as '@Serializable' and that the serialization compiler plugin is applied.
                                                                                                    
                                                                                                    	at kotlinx.serialization.internal.Platform_commonKt.serializerNotRegistered(Platform.common.kt:90)
                                                                                                    	at kotlinx.serialization.internal.PlatformKt.platformSpecificSerializerNotRegistered(Platform.kt:33)
                                                                                                    	at kotlinx.serialization.SerializersKt__SerializersKt.serializer(Serializers.kt:153)
                                                                                                    	at kotlinx.serialization.SerializersKt.serializer(dex-id-6a30976ff98db47fcf89504e41e3115800005df5:1)
                                                                                                    	at kotlinx.serialization.SerializersKt__SerializersKt.serializersForParameters(Serializers.kt:295)
                                                                                                    	at kotlinx.serialization.SerializersKt.serializersForParameters(dex-id-6a30976ff98db47fcf89504e41e3115800005df5:1)
                                                                                                    	at kotlinx.serialization.SerializersKt__SerializersKt.serializerByKTypeImpl$SerializersKt__SerializersKt(Serializers.kt:253)
                                                                                                    	at kotlinx.serialization.SerializersKt__SerializersKt.serializer(Serializers.kt:152)
                                                                                                    	at kotlinx.serialization.SerializersKt.serializer(dex-id-6a30976ff98db47fcf89504e41e3115800005df5:1)
                                                                                                    	at app.confused.anikuta.core.player.WatchProgressStore.progressPref$lambda$1(WatchProgressStore.kt:157)
                                                                                                    	at app.confused.anikuta.core.player.WatchProgressStore.$r8$lambda$RIVoVZ7X2pUd-Q0qMbYex_3tzmo(WatchProgressStore.kt:0)
                                                                                                    	at app.confused.anikuta.core.player.WatchProgressStore$$ExternalSyntheticLambda1.invoke(D8$$SyntheticClass:0)
                                                                                                    	at app.confused.anikuta.core.preferences.AndroidPreference$Object.write$lambda$0(AndroidPreference.kt:153)
                                                                                                    	at app.confused.anikuta.core.preferences.AndroidPreference$Object.$r8$lambda$PW646hzy7OHGWtFkvKF7Pmj7eRs(AndroidPreference.kt:0)
                                                                                                    	at app.confused.anikuta.core.preferences.AndroidPreference$Object$$ExternalSyntheticLambda0.invoke(D8$$SyntheticClass:0)
                                                                                                    	at app.confused.anikuta.core.preferences.AndroidPreference.set(AndroidPreference.kt:162)
                                                                                                    	at app.confused.anikuta.core.player.WatchProgressStore.save(WatchProgressStore.kt:96)
                                                                                                    	at app.confused.anikuta.core.player.WatchProgressStore.save$default(WatchProgressStore.kt:74)
                                                                                                    	at app.confused.anikuta.feature.watch.WatchScreenKt$WatchScreen$lambda$24$lambda$23$$inlined$onDispose$1.dispose(Effects.kt:495)
                                                                                                    	at androidx.compose.runtime.DisposableEffectImpl.onForgotten(Effects.kt:87)
                                                                                                    	at androidx.compose.runtime.CompositionImpl$RememberEventDispatcher.dispatchRememberObservers(Composition.kt:1345)
                                                                                                    	at androidx.compose.runtime.CompositionImpl.dispose(Composition.kt:787)
                                                                                                    	at androidx.compose.ui.platform.WrappedComposition.dispose(Wrapper.android.kt:169)
                                                                                                    	at androidx.compose.ui.platform.WrappedComposition.onStateChanged(Wrapper.android.kt:177)
                                                                                                    	at androidx.lifecycle.LifecycleRegistry$ObserverWithState.dispatchEvent(LifecycleRegistry.jvm.kt:320)
                                                                                                    	at androidx.lifecycle.LifecycleRegistry.backwardPass(LifecycleRegistry.jvm.kt:272)
                                                                                                    	at androidx.lifecycle.LifecycleRegistry.sync(LifecycleRegistry.jvm.kt:289)
                                                                                                    	at androidx.lifecycle.LifecycleRegistry.moveToState(LifecycleRegistry.jvm.kt:142)
                                                                                                    	at androidx.lifecycle.LifecycleRegistry.handleLifecycleEvent(LifecycleRegistry.jvm.kt:124)
                                                                                                    	at androidx.lifecycle.ReportFragment$Companion.dispatch$lifecycle_runtime_release(ReportFragment.android.kt:190)
                                                                                                    	at androidx.lifecycle.ReportFragment$LifecycleCallbacks.onActivityPreDestroyed(ReportFragment.android.kt:146)
                                                                                                    	at android.app.Activity.dispatchActivityPreDestroyed(Activity.java:1612)
                                                                                                    	at android.app.Activity.performDestroy(Activity.java:9044)
                                                                                                    	at android.app.Instrumentation.callActivityOnDestroy(Instrumentation.java:1510)
                                                                                                    	at android.app.ActivityThread.performDestroyActivity(ActivityThread.java:5971)
                                                                                                    	at android.app.ActivityThread.handleDestroyActivity(ActivityThread.java:6022)
                                                                                                    	at android.app.ActivityThread.handleRelaunchActivityInner(ActivityThread.java:6322)
                                                                                                    	at android.app.ActivityThread.handleRelaunchActivity(ActivityThread.java:6219)
                                                                                                    	at android.app.servertransaction.ActivityRelaunchItem.execute(ActivityRelaunchItem.java:76)
2026-07-21 11:31:48.236 10632-10632 AnikutaWatchScreen      app.confused.anikuta.dev             W  	at android.app.servertransaction.ActivityTransactionItem.execute(ActivityTransactionItem.java:45)
                                                                                                    	at android.app.servertransaction.TransactionExecutor.executeCallbacks(TransactionExecutor.java:144)
                                                                                                    	at android.app.servertransaction.TransactionExecutor.execute(TransactionExecutor.java:101)
                                                                                                    	at android.app.ActivityThread$H.handleMessage(ActivityThread.java:2643)
                                                                                                    	at android.os.Handler.dispatchMessage(Handler.java:106)
                                                                                                    	at android.os.Looper.loopOnce(Looper.java:257)
                                                                                                    	at android.os.Looper.loop(Looper.java:368)
                                                                                                    	at android.app.ActivityThread.main(ActivityThread.java:8839)
                                                                                                    	at java.lang.reflect.Method.invoke(Native Method)
                                                                                                    	at com.android.internal.os.RuntimeInit$MethodAndArgsCaller.run(RuntimeInit.java:572)
                                                                                                    	at com.android.internal.os.ZygoteInit.main(ZygoteInit.java:1049)
2026-07-21 11:31:48.246 10632-12619 AudioTrack              app.confused.anikuta.dev             D  pause(19350): prior state:STATE_FLUSHED output 21 stream 3 session 103345
2026-07-21 11:31:48.246 10632-12619 AudioTrack              app.confused.anikuta.dev             D  flush(19350): prior state:STATE_FLUSHED
2026-07-21 11:31:48.247 10632-14302 MediaCodec              app.confused.anikuta.dev             D  [0xb400007c332d2000] setState: 7
2026-07-21 11:31:48.247 10632-14302 OplusFeedbackInfo       app.confused.anikuta.dev             I  [signalFlush:L1324]
2026-07-21 11:31:48.249 10632-14302 MediaCodec              app.confused.anikuta.dev             D  [0xb400007c332d2000] setState: 6
2026-07-21 11:31:48.249 10632-12619 MediaCodec              app.confused.anikuta.dev             D  [0xb400007c332d2000] [OMX.qcom.video.decoder.avc] stop
2026-07-21 11:31:48.249 10632-14302 MediaCodec              app.confused.anikuta.dev             D  [0xb400007c332d2000] setState: 9
2026-07-21 11:31:48.249 10632-14302 OplusFeedbackInfo       app.confused.anikuta.dev             I  [sendFeedbackInfo:L462]  send:MM_FB_EventID#21001#ClientPid#10632#ReportLevel#0#isHDRVideo#false#startTimeLocal#2026/07/21_23:31:48#timeUsage#1#videoComponent#OMX.qcom.video.decoder.avc#videoHeight#360#videoMime#video/avc#videoWidth#640
2026-07-21 11:31:48.249 10632-14302 AtlasEventUploadUtils   app.confused.anikuta.dev             D  setEvent event:atlas_event_atlasserver_feedback
2026-07-21 11:31:48.260 10632-14302 MediaCodec              app.confused.anikuta.dev             D  [0xb400007c332d2000] [OMX.qcom.video.decoder.avc] kWhatStopCompleted
2026-07-21 11:31:48.260 10632-14302 MediaCodec              app.confused.anikuta.dev             D  [0xb400007c332d2000] setState: 2
2026-07-21 11:31:48.261 10632-12619 MediaCodec              app.confused.anikuta.dev             D  [0xb400007c332d2000] [OMX.qcom.video.decoder.avc] releaseAsync
2026-07-21 11:31:48.261 10632-14302 MediaCodec              app.confused.anikuta.dev             D  [0xb400007c332d2000] setState: 10
2026-07-21 11:31:48.263 10632-14302 MediaCodec              app.confused.anikuta.dev             D  [0xb400007c332d2000] [OMX.qcom.video.decoder.avc] kWhatReleaseCompleted
2026-07-21 11:31:48.263 10632-14302 MediaCodec              app.confused.anikuta.dev             D  [0xb400007c332d2000] setState: 0
2026-07-21 11:31:48.264 10632-14302 MediaCodec              app.confused.anikuta.dev             D  flushMediametrics
2026-07-21 11:31:48.264 10632-14302 MediaCodec              app.confused.anikuta.dev             D  [0xb400007c332d2000] ~MediaCodec
2026-07-21 11:31:48.264 10632-14302 MediaCodec              app.confused.anikuta.dev             D  flushMediametrics
2026-07-21 11:31:48.264 10632-14302 MediaCodec              app.confused.anikuta.dev             W  no metrics handle found
2026-07-21 11:31:48.264 10632-14302 OplusACodec             app.confused.anikuta.dev             D  ~OplusACodec [212]: 
2026-07-21 11:31:48.264 10632-14302 OplusFeedbackInfo       app.confused.anikuta.dev             D  ~OplusAnalysisFPS
2026-07-21 11:31:48.264 10632-14302 AtlasEventUploadUtils   app.confused.anikuta.dev             D  setEvent event:atlas_event_video_monitor_network_switch
2026-07-21 11:31:48.265 10632-14302 sed.anikuta.dev         app.confused.anikuta.dev             D  [notifyStatusToSF:L31] hdrtype is 0
2026-07-21 11:31:48.279 10632-10632 AudioTrack              app.confused.anikuta.dev             D  stop(19350): prior state:STATE_FLUSHED output 21 stream 3 session 103345
2026-07-21 11:31:48.279 10632-10632 AudioTrack              app.confused.anikuta.dev             D  flush(19350): prior state:STATE_FLUSHED
2026-07-21 11:31:48.280 10632-10632 AudioTrack              app.confused.anikuta.dev             D  stop(19350): prior state:STATE_FLUSHED output 21 stream 3 session 103345
2026-07-21 11:31:48.280 10632-10632 AudioTrack              app.confused.anikuta.dev             D  ~AudioTrack(19350), releasing mStatus =0 session id 103345 from 10632 on behalf of 10632
2026-07-21 11:31:48.280 10632-10632 AudioTrack              app.confused.anikuta.dev             D  stop(19350): prior state:STATE_FLUSHED output 21 stream 3 session 103345
2026-07-21 11:31:48.280 10632-10632 AudioTrack              app.confused.anikuta.dev             I  stopAndJoinCallbacks(19350) done
2026-07-21 11:31:48.280 10632-10632 ListServiceUtils        app.confused.anikuta.dev             V  getListValueByName module:control package:audioBoostEnable cost 146us return 1
2026-07-21 11:31:48.280 10632-10632 ListServiceUtils        app.confused.anikuta.dev             V  checkInListByUid start module:audio-boost-blacklist uid:11683  time 390428094553us
2026-07-21 11:31:48.280 10632-10632 ListServiceUtils        app.confused.anikuta.dev             V  checkInListByUid end module:audio-boost-blacklist uid:11683  time 390428094656us
2026-07-21 11:31:48.280 10632-10632 ListServiceUtils        app.confused.anikuta.dev             D  checkInListByUid module:audio-boost-blacklist uid:11683 cost 102us return 0
2026-07-21 11:31:48.280 10632-10632 AudioTrackExtImpl       app.confused.anikuta.dev             D  doSchedBoost, set audioapp task boost, pid=10632, tid=10632, enable=0, ret=0
2026-07-21 11:31:48.280 10632-10632 AudioTrackExtImpl       app.confused.anikuta.dev             D  doSchedBoost, set audioapp task boost, pid=10632, tid=12619, enable=0, ret=0
2026-07-21 11:31:48.280 10632-10632 AudioTrackExtImpl       app.confused.anikuta.dev             D  doSchedBoost, set audioapp task boost, pid=10632, tid=12716, enable=0, ret=0
2026-07-21 11:31:48.281 10632-10632 AudioTrackExtImpl       app.confused.anikuta.dev             D  doSchedBoost, set audioapp task boost, pid=10632, tid=12717, enable=0, ret=0
2026-07-21 11:31:48.282 10632-10632 AnikutaPlayer           app.confused.anikuta.dev             D  MPV destroyed
2026-07-21 11:31:48.284 10632-10632 OplusScrollToTopManager app.confused.anikuta.dev             D  app.confused.anikuta.dev/app.confused.anikuta.MainActivity,window dying
2026-07-21 11:31:48.284 10632-10632 OplusScrollToTopManager app.confused.anikuta.dev             D  app.confused.anikuta.dev/app.confused.anikuta.MainActivity,unregisterSystemUIBroadcastReceiver 
2026-07-21 11:31:48.284 10632-10632 OplusScrollToTopManager app.confused.anikuta.dev             D  app.confused.anikuta.dev/app.confused.anikuta.MainActivity, unregisterSystemUIBroadcastReceiver failed java.lang.IllegalArgumentException: Receiver not registered: android.view.OplusScrollToTopManager$2@3c68a6
2026-07-21 11:31:48.285 10632-10632 WindowOnBackDispatcher  app.confused.anikuta.dev             W  sendCancelIfRunning: isInProgress=falsecallback=android.view.ViewRootImpl$$ExternalSyntheticLambda17@ad2f881
2026-07-21 11:31:48.285  2407-3814  CoreBackPreview         system_server                        D  Window{5f64f39 u0 app.confused.anikuta.dev/app.confused.anikuta.MainActivity}: Setting back callback null
2026-07-21 11:31:48.286 10632-10632 OpenGLRenderer          app.confused.anikuta.dev             D  RenderProxy::destroy: this=0xb400007c9911a000, mContext=0xb400007c99088bc0
2026-07-21 11:31:48.286 10632-10775 OpenGLRenderer          app.confused.anikuta.dev             D  SkiaOpenGLPipeline::setSurface: this=0xb400007cadef5340, surface=NULL
2026-07-21 11:31:48.286 10632-10775 BufferQueueProducer     app.confused.anikuta.dev             D  [VRI[MainActivity]#0(BLAST Consumer)0](id:298800000000,api:1,p:10632,c:10632) disconnect: api 1
2026-07-21 11:31:48.287 10632-10775 BLASTBufferQueue        app.confused.anikuta.dev             D  [VRI[MainActivity]#0](f:0,a:2) destructor()
2026-07-21 11:31:48.287 10632-10775 BufferQueueConsumer     app.confused.anikuta.dev             D  [VRI[MainActivity]#0(BLAST Consumer)0](id:298800000000,api:0,p:-1,c:10632) disconnect
2026-07-21 11:31:48.288  2407-3814  InputManager-JNI        system_server                        W  Input channel object '5f64f39 app.confused.anikuta.dev/app.confused.anikuta.MainActivity (client)' was disposed without first being removed with the input manager!
2026-07-21 11:31:48.288  2407-3814  WindowManager           system_server                        I  Window{5f64f39 u0 app.confused.anikuta.dev/app.confused.anikuta.MainActivity} state from DRAW_PENDING to NO_SURFACE; reason: destroySurface
2026-07-21 11:31:48.289  2407-3814  WindowManager           system_server                        V  Changing focus from Window{5f64f39 u0 app.confused.anikuta.dev/app.confused.anikuta.MainActivity} to null,diplayid=0
2026-07-21 11:31:48.294 10632-10632 ResourcesManagerExtImpl app.confused.anikuta.dev             D  applyConfigurationToAppResourcesLocked app.getDisplayId() return callback.displayId:0
2026-07-21 11:31:48.302  1516-1516  Layer                   surfaceflinger                       D  reparent to null sequence=168818, seq[4], name=SurfaceView[app.confused.anikuta.dev/app.confused.anikuta.MainActivity](BLAST)#168818
2026-07-21 11:31:48.303  1516-1516  Layer                   surfaceflinger                       D  reparent to null sequence=168819, seq[3], name=Background for SurfaceView[app.confused.anikuta.dev/app.confused.anikuta.MainActivity]#168819
2026-07-21 11:31:48.303  1516-1516  Layer                   surfaceflinger                       D  reparent to null sequence=168817, seq[4], name=SurfaceView[app.confused.anikuta.dev/app.confused.anikuta.MainActivity]#168817
2026-07-21 11:31:48.303  2407-2484  FlexibleWindowManager   system_server                        D  onFlexibleWindowTaskInfoChanged: mTaskId = 6766 oldIsTaskEmbedded = false   curIsTaskEmbedded = false  topActivity = ComponentInfo{app.confused.anikuta.dev/app.confused.anikuta.MainActivity}
2026-07-21 11:31:48.303  2407-2484  OplusFlexi...agerHelper system_server                        D  onTaskInfoChanged taskInfo:TaskInfo{userId=0 taskId=6766 displayId=0 isRunning=true baseIntent=Intent { act=android.intent.action.MAIN cat=[android.intent.category.LAUNCHER] flg=0x10200000 cmp=app.confused.anikuta.dev/app.confused.anikuta.MainActivity mCallingUid=10197 } baseActivity=ComponentInfo{app.confused.anikuta.dev/app.confused.anikuta.MainActivity} topActivity=ComponentInfo{app.confused.anikuta.dev/app.confused.anikuta.MainActivity} origActivity=null realActivity=ComponentInfo{app.confused.anikuta.dev/app.confused.anikuta.MainActivity} numActivities=1 lastActiveTime=465979975 supportsSplitScreenMultiWindow=true supportsMultiWindow=true supportsPocketStudioMultiWindow=true isInFlexibleEmbedded = false uid = 11683 pid = 10632 resizeMode=1 isResizeable=true minWidth=-1 minHeight=-1 defaultMinSize=220 token=WCT{RemoteToken{7b6396d Task{52c96fd #6766 type=standard A=11683:app.confused.anikuta.dev}}} topActivityType=1 pictureInPictureParams=null shouldDockBigOverlays=false launchIntoPipHostTaskId=-1 lastParentTaskIdBeforePip=-1 displayCutoutSafeInsets=Rect(103, 0 - 0, 0) topActivityInfo=ActivityInfo{9e678a8 app.confused.anikuta.MainActivity} launchCookies=[android.os.BinderProxy@e89ff69] positionInParent=Point(0, 0) parentTaskId=-1 isFocused=true isVisible=true isVisibleRequested=true isSleeping=false topActivityInSizeCompat=false topActivityInOplusCompatMode=false topActivityEligibleForLetterboxEducation= false topActivityLetterboxed= false isFromDoubleTap= false topActivityLetterboxVerticalPosition= -1 topActivityLetterboxHorizontalPosition= -1 topActivityLetterboxWidth=-1 topActivityLetterboxHeight=-1 locusId=null displayAreaFeatureId=1 cameraCompatControlState=hidden locusId= null topActivityLetterboxInsets=Rect(0, 0 - 0, 0)} task:Task{52c96fd #6766 type=standard A=11683:app.confused.anikuta.dev}
2026-07-21 11:31:48.304 10632-10632 ScrollOpti...neManager] app.confused.anikuta.dev             D  updateCurrentActivity: mCurrentActivityName=app.confused.anikuta.MainActivity, isOptEnable=true, isAnimAheadEnable=true, isFrameInsertEnable=true, InsertNum=1, isEnabledForScrollChanged=false
2026-07-21 11:31:48.304 10632-10632 ActivityThread          app.confused.anikuta.dev             D  ComponentInfo{app.confused.anikuta.dev/app.confused.anikuta.MainActivity} checkFinished=false 2
2026-07-21 11:31:48.304 10632-10632 ResourcesManagerExtImpl app.confused.anikuta.dev             D  applyConfigurationToAppResourcesLocked app.getDisplayId() return callback.displayId:0
2026-07-21 11:31:48.304  3561-3758  ShellTaskOrganizer      com.android.systemui                 D  dispatchTaskEventToClientIfNeed, eventType:2, taskInfo:TaskInfo{userId=0 taskId=6766 displayId=0 isRunning=true baseIntent=Intent { act=android.intent.action.MAIN cat=[android.intent.category.LAUNCHER] flg=0x10200000 cmp=app.confused.anikuta.dev/app.confused.anikuta.MainActivity mCallingUid=10197 } baseActivity=ComponentInfo{app.confused.anikuta.dev/app.confused.anikuta.MainActivity} topActivity=ComponentInfo{app.confused.anikuta.dev/app.confused.anikuta.MainActivity} origActivity=null realActivity=ComponentInfo{app.confused.anikuta.dev/app.confused.anikuta.MainActivity} numActivities=1 lastActiveTime=465979975 supportsSplitScreenMultiWindow=true supportsMultiWindow=true supportsPocketStudioMultiWindow=true isInFlexibleEmbedded = false uid = 11683 pid = 10632 resizeMode=1 isResizeable=true minWidth=-1 minHeight=-1 defaultMinSize=220 token=WCT{android.window.IWindowContainerToken$Stub$Proxy@b330990} topActivityType=1 pictureInPictureParams=null shouldDockBigOverlays=false launchIntoPipHostTaskId=-1 lastParentTaskIdBeforePip=-1 displayCutoutSafeInsets=Rect(103, 0 - 0, 0) topActivityInfo=ActivityInfo{7052289 app.confused.anikuta.MainActivity} launchCookies=[android.os.BinderProxy@72fe5d] positionInParent=Point(0, 0) parentTaskId=-1 isFocused=true isVisible=true isVisibleRequested=true isSleeping=false topActivityInSizeCompat=false topActivityInOplusCompatMode=false topActivityEligibleForLetterboxEducation= false topActivityLetterboxed= false isFromDoubleTap= false topActivityLetterboxVerticalPosition= -1 topActivityLetterboxHorizontalPosition= -1 topActivityLetterboxWidth=-1 topActivityLetterboxHeight=-1 locusId=null displayAreaFeatureId=1 cameraCompatControlState=hidden locusId= null topActivityLetterboxInsets=Rect(0, 0 - 0, 0)}, leash:null
2026-07-21 11:31:48.304  1516-1651  SurfaceFlinger          surfaceflinger                       I  [SF client] NEW(0xb400007c971a5280) for (10632:app.confused.anikuta.dev)
2026-07-21 11:31:48.305 10632-10632 WindowManager           app.confused.anikuta.dev             D  Add to mViews: DecorView@e0fc673[MainActivity],pkg= app.confused.anikuta.dev
2026-07-21 11:31:48.310  2407-2892  WindowManager           system_server                        I  addWindow: New client android.os.BinderProxy@36847fb : window=Window{775018 u0 app.confused.anikuta.dev/app.confused.anikuta.MainActivity}
2026-07-21 11:31:48.311 10632-10632 InputEventReceiver      app.confused.anikuta.dev             D  Input log is disabled in InputEventReceiver.
2026-07-21 11:31:48.313 10632-10632 Compatibil...geReporter app.confused.anikuta.dev             D  Compat change id reported: 150939131; UID 11683; state: ENABLED
2026-07-21 11:31:48.314 10632-10632 Choreographer           app.confused.anikuta.dev             I  Skipped 36 frames!  The application may be doing too much work on its main thread.
2026-07-21 11:31:48.314 10632-10632 Quality                 app.confused.anikuta.dev             I  Skipped: false 0 cost 10.794792 refreshRate 16607726 bit true processName app.confused.anikuta.dev
2026-07-21 11:31:48.318 10632-10632 OplusBracketLog         app.confused.anikuta.dev             E  [OplusViewMirrorManager] updateHostViewRootIfNeeded, not support android.view.ViewRootImpl@99656cf
2026-07-21 11:31:48.338  2407-2892  CoreBackPreview         system_server                        D  Window{775018 u0 app.confused.anikuta.dev/app.confused.anikuta.MainActivity}: Setting back callback OnBackInvokedCallbackInfo{mCallback=android.window.IOnBackInvokedCallback$Stub$Proxy@f9d55c4, mPriority=0, mIsAnimationCallback=false}
2026-07-21 11:31:48.341 10632-10632 ViewRootImplExtImpl     app.confused.anikuta.dev             D  wrapConfigInfoIntoFlags rotation=1, smallestScreenWidthDp=360, relayoutAsync=false, newFlags=256, title=app.confused.anikuta.dev/app.confused.anikuta.MainActivity
2026-07-21 11:31:48.341  2407-2892  WindowMana...iceExtImpl system_server                        D  extractConfigInfoAndRealFlags rotation=1, screenDp=0, win=Window{775018 u0 app.confused.anikuta.dev/app.confused.anikuta.MainActivity}
2026-07-21 11:31:48.341  2407-2892  WindowManager           system_server                        V  Relayout Window{775018 u0 app.confused.anikuta.dev/app.confused.anikuta.MainActivity}: viewVisibility=0, oldvis=4, req=2400x1080, vsysui=LAYOUT_STABLE
2026-07-21 11:31:48.341  2407-2892  WindowManager           system_server                        I  Window{775018 u0 app.confused.anikuta.dev/app.confused.anikuta.MainActivity} state from NO_SURFACE to DRAW_PENDING; reason: resetDrawState
2026-07-21 11:31:48.341  1516-1651  OplusLayer              surfaceflinger                       D  setProcInfo (168821,app.confused.anikuta.dev/app.confused.anikuta.MainActivity#168821,app.confused.anikuta.dev)
2026-07-21 11:31:48.346  2407-2892  WindowManager           system_server                        V  Changing focus from null to Window{775018 u0 app.confused.anikuta.dev/app.confused.anikuta.MainActivity},diplayid=0
2026-07-21 11:31:48.348 10632-10632 VRI[MainActivity]       app.confused.anikuta.dev             D  relayoutWindow result, sizeChanged:true, surfaceControlChanged:true, transformHintChanged:true, mSurfaceSize:Point(2400, 1080), mLastSurfaceSize:Point(0, 0), mWidth:-1, mHeight:-1, requestedWidth:2400, requestedHeight:1080, transformHint:4, lastTransformHint:-2147483648, installOrientation:0, displayRotation:1, isSurfaceValid:true, attr.flag:-2122252032, useBlast:true, tmpFrames:ClientWindowFrames{frame=[0,0][2400,1080] display=[0,0][2400,1080] parentFrame=[0,0][0,0]}
2026-07-21 11:31:48.348 10632-10632 VRI[MainActivity]       app.confused.anikuta.dev             W  updateBlastSurfaceIfNeeded, surfaceSize:Point(2400, 1080), lastSurfaceSize:Point(0, 0), format:-1, blastBufferQueue:null
2026-07-21 11:31:48.348 10632-10632 BufferQueueConsumer     app.confused.anikuta.dev             D  [](id:298800000008,api:0,p:-1,c:10632) connect: controlledByApp=false
2026-07-21 11:31:48.349 10632-10775 BufferQueueProducer     app.confused.anikuta.dev             D  [VRI[MainActivity]#6(BLAST Consumer)6](id:298800000008,api:1,p:10632,c:10632) connect: api=1 producerControlledByApp=true
2026-07-21 11:31:48.349 10632-10775 OpenGLRenderer          app.confused.anikuta.dev             E  Unable to match the desired swap behavior.
2026-07-21 11:31:48.352 10632-10632 SurfaceControl          app.confused.anikuta.dev             I   setExtendedRangeBrightness sc=Surface(name=app.confused.anikuta.dev/app.confused.anikuta.MainActivity)/@0x3f3878a,currentBufferRatio=1.0,desiredRatio=1.0
2026-07-21 11:31:48.361 10632-10775 BLASTBufferQueue        app.confused.anikuta.dev             D  [VRI[MainActivity]#6](f:0,a:1) acquireNextBufferLocked size=2400x1080 mFrameNumber=1 applyTransaction=true mTimestamp=390428175126008(auto) mPendingTransactions.size=0 graphicBufferId=45664092291165 transform=7
2026-07-21 11:31:48.361 10632-10775 VRI[MainActivity]       app.confused.anikuta.dev             D  Received frameCommittedCallback lastAttemptedDrawFrameNum=1 didProduceBuffer=true syncBuffer=false
2026-07-21 11:31:48.362 10632-10632 VRI[MainActivity]       app.confused.anikuta.dev             D  draw finished.
2026-07-21 11:31:48.362 10632-10632 VRI[MainActivity]       app.confused.anikuta.dev             D  reportDrawFinished
2026-07-21 11:31:48.362 10632-10632 ViewRootImplExtImpl     app.confused.anikuta.dev             D  setMaxDequeuedBufferCount: 2
2026-07-21 11:31:48.362  2407-3814  WindowManager           system_server                        I  finishDrawing of relaunch: Window{775018 u0 app.confused.anikuta.dev/app.confused.anikuta.MainActivity} 861ms
2026-07-21 11:31:48.363  2407-3814  OplusTrans...Controller system_server                        D  onSyncFinishedDrawing, Window{775018 u0 app.confused.anikuta.dev/app.confused.anikuta.MainActivity}
